Archive member included to satisfy reference by file (symbol)

c:/mounriver/mounriver_studio/toolchain/risc-v embedded gcc/bin/../lib/gcc/riscv-none-embed/8.2.0/../../../../riscv-none-embed/lib/rv32imafc/ilp32f\libm.a(lib_a-s_cos.o)
                              ./zf_device/zf_device_gnss.o (cos)
c:/mounriver/mounriver_studio/toolchain/risc-v embedded gcc/bin/../lib/gcc/riscv-none-embed/8.2.0/../../../../riscv-none-embed/lib/rv32imafc/ilp32f\libm.a(lib_a-s_sin.o)
                              ./zf_device/zf_device_gnss.o (sin)
c:/mounriver/mounriver_studio/toolchain/risc-v embedded gcc/bin/../lib/gcc/riscv-none-embed/8.2.0/../../../../riscv-none-embed/lib/rv32imafc/ilp32f\libm.a(lib_a-w_asin.o)
                              ./zf_device/zf_device_gnss.o (asin)
c:/mounriver/mounriver_studio/toolchain/risc-v embedded gcc/bin/../lib/gcc/riscv-none-embed/8.2.0/../../../../riscv-none-embed/lib/rv32imafc/ilp32f\libm.a(lib_a-w_atan2.o)
                              ./zf_device/zf_device_gnss.o (atan2)
c:/mounriver/mounriver_studio/toolchain/risc-v embedded gcc/bin/../lib/gcc/riscv-none-embed/8.2.0/../../../../riscv-none-embed/lib/rv32imafc/ilp32f\libm.a(lib_a-w_pow.o)
                              ./zf_device/zf_device_gnss.o (pow)
c:/mounriver/mounriver_studio/toolchain/risc-v embedded gcc/bin/../lib/gcc/riscv-none-embed/8.2.0/../../../../riscv-none-embed/lib/rv32imafc/ilp32f\libm.a(lib_a-w_sqrt.o)
                              ./zf_device/zf_device_gnss.o (sqrt)
c:/mounriver/mounriver_studio/toolchain/risc-v embedded gcc/bin/../lib/gcc/riscv-none-embed/8.2.0/../../../../riscv-none-embed/lib/rv32imafc/ilp32f\libm.a(lib_a-e_asin.o)
                              c:/mounriver/mounriver_studio/toolchain/risc-v embedded gcc/bin/../lib/gcc/riscv-none-embed/8.2.0/../../../../riscv-none-embed/lib/rv32imafc/ilp32f\libm.a(lib_a-w_asin.o) (__ieee754_asin)
c:/mounriver/mounriver_studio/toolchain/risc-v embedded gcc/bin/../lib/gcc/riscv-none-embed/8.2.0/../../../../riscv-none-embed/lib/rv32imafc/ilp32f\libm.a(lib_a-e_atan2.o)
                              c:/mounriver/mounriver_studio/toolchain/risc-v embedded gcc/bin/../lib/gcc/riscv-none-embed/8.2.0/../../../../riscv-none-embed/lib/rv32imafc/ilp32f\libm.a(lib_a-w_atan2.o) (__ieee754_atan2)
c:/mounriver/mounriver_studio/toolchain/risc-v embedded gcc/bin/../lib/gcc/riscv-none-embed/8.2.0/../../../../riscv-none-embed/lib/rv32imafc/ilp32f\libm.a(lib_a-e_pow.o)
                              c:/mounriver/mounriver_studio/toolchain/risc-v embedded gcc/bin/../lib/gcc/riscv-none-embed/8.2.0/../../../../riscv-none-embed/lib/rv32imafc/ilp32f\libm.a(lib_a-w_pow.o) (__ieee754_pow)
c:/mounriver/mounriver_studio/toolchain/risc-v embedded gcc/bin/../lib/gcc/riscv-none-embed/8.2.0/../../../../riscv-none-embed/lib/rv32imafc/ilp32f\libm.a(lib_a-e_rem_pio2.o)
                              c:/mounriver/mounriver_studio/toolchain/risc-v embedded gcc/bin/../lib/gcc/riscv-none-embed/8.2.0/../../../../riscv-none-embed/lib/rv32imafc/ilp32f\libm.a(lib_a-s_cos.o) (__ieee754_rem_pio2)
c:/mounriver/mounriver_studio/toolchain/risc-v embedded gcc/bin/../lib/gcc/riscv-none-embed/8.2.0/../../../../riscv-none-embed/lib/rv32imafc/ilp32f\libm.a(lib_a-e_sqrt.o)
                              c:/mounriver/mounriver_studio/toolchain/risc-v embedded gcc/bin/../lib/gcc/riscv-none-embed/8.2.0/../../../../riscv-none-embed/lib/rv32imafc/ilp32f\libm.a(lib_a-w_sqrt.o) (__ieee754_sqrt)
c:/mounriver/mounriver_studio/toolchain/risc-v embedded gcc/bin/../lib/gcc/riscv-none-embed/8.2.0/../../../../riscv-none-embed/lib/rv32imafc/ilp32f\libm.a(lib_a-k_cos.o)
                              c:/mounriver/mounriver_studio/toolchain/risc-v embedded gcc/bin/../lib/gcc/riscv-none-embed/8.2.0/../../../../riscv-none-embed/lib/rv32imafc/ilp32f\libm.a(lib_a-s_cos.o) (__kernel_cos)
c:/mounriver/mounriver_studio/toolchain/risc-v embedded gcc/bin/../lib/gcc/riscv-none-embed/8.2.0/../../../../riscv-none-embed/lib/rv32imafc/ilp32f\libm.a(lib_a-k_rem_pio2.o)
                              c:/mounriver/mounriver_studio/toolchain/risc-v embedded gcc/bin/../lib/gcc/riscv-none-embed/8.2.0/../../../../riscv-none-embed/lib/rv32imafc/ilp32f\libm.a(lib_a-e_rem_pio2.o) (__kernel_rem_pio2)
c:/mounriver/mounriver_studio/toolchain/risc-v embedded gcc/bin/../lib/gcc/riscv-none-embed/8.2.0/../../../../riscv-none-embed/lib/rv32imafc/ilp32f\libm.a(lib_a-k_sin.o)
                              c:/mounriver/mounriver_studio/toolchain/risc-v embedded gcc/bin/../lib/gcc/riscv-none-embed/8.2.0/../../../../riscv-none-embed/lib/rv32imafc/ilp32f\libm.a(lib_a-s_cos.o) (__kernel_sin)
c:/mounriver/mounriver_studio/toolchain/risc-v embedded gcc/bin/../lib/gcc/riscv-none-embed/8.2.0/../../../../riscv-none-embed/lib/rv32imafc/ilp32f\libm.a(lib_a-s_atan.o)
                              c:/mounriver/mounriver_studio/toolchain/risc-v embedded gcc/bin/../lib/gcc/riscv-none-embed/8.2.0/../../../../riscv-none-embed/lib/rv32imafc/ilp32f\libm.a(lib_a-e_atan2.o) (atan)
[...]
Memory Configuration

Name             Origin             Length             Attributes
RAM              0x0000000020000040 0x000000000000fc00 xrw
FLASH            0x0000000000000000 0x0000000000040000 xr
*default*        0x0000000000000000 0xffffffffffffffff

Linker script and memory map

LOAD ./zf_driver/zf_driver_adc.o
LOAD ./zf_driver/zf_driver_delay.o
LOAD ./zf_driver/zf_driver_dvp.o
LOAD ./zf_driver/zf_driver_encoder.o
LOAD ./zf_driver/zf_driver_exti.o
LOAD ./zf_driver/zf_driver_flash.o
LOAD ./zf_driver/zf_driver_gpio.o
LOAD ./zf_driver/zf_driver_iic.o
LOAD ./zf_driver/zf_driver_pit.o
LOAD ./zf_driver/zf_driver_pwm.o
LOAD ./zf_driver/zf_driver_soft_iic.o
LOAD ./zf_driver/zf_driver_soft_spi.o
LOAD ./zf_driver/zf_driver_spi.o
LOAD ./zf_driver/zf_driver_timer.o
LOAD ./zf_driver/zf_driver_uart.o
LOAD ./zf_driver/zf_driver_usb_cdc.o
LOAD ./zf_device/zf_device_absolute_encoder.o
LOAD ./zf_device/zf_device_aht20.o
LOAD ./zf_device/zf_device_bluetooth_ch9141.o
LOAD ./zf_device/zf_device_camera.o
LOAD ./zf_device/zf_device_dl1a.o
LOAD ./zf_device/zf_device_dl1b.o
LOAD ./zf_device/zf_device_dm1xa.o
LOAD ./zf_device/zf_device_gnss.o
LOAD ./zf_device/zf_device_icm20602.o
LOAD ./zf_device/zf_device_imu660ra.o
LOAD ./zf_device/zf_device_imu963ra.o
LOAD ./zf_device/zf_device_ips114.o
LOAD ./zf_device/zf_device_ips200.o
LOAD ./zf_device/zf_device_k24c02.o
LOAD ./zf_device/zf_device_key.o
LOAD ./zf_device/zf_device_mpu6050.o
LOAD ./zf_device/zf_device_mt9v03x_dvp.o
LOAD ./zf_device/zf_device_oled.o
LOAD ./zf_device/zf_device_scc8660_dvp.o
LOAD ./zf_device/zf_device_tft180.o
LOAD ./zf_device/zf_device_type.o
LOAD ./zf_device/zf_device_virtual_oscilloscope.o
LOAD ./zf_device/zf_device_w25q32.o
LOAD ./zf_device/zf_device_wifi_spi.o
LOAD ./zf_device/zf_device_wifi_uart.o
LOAD ./zf_device/zf_device_wireless_ch573.o
LOAD ./zf_device/zf_device_wireless_uart.o
LOAD ./zf_components/seekfree_assistant.o
LOAD ./zf_components/seekfree_assistant_interface.o
LOAD ./zf_common/zf_common_clock.o
LOAD ./zf_common/zf_common_debug.o
LOAD ./zf_common/zf_common_fifo.o
LOAD ./zf_common/zf_common_font.o
LOAD ./zf_common/zf_common_function.o
LOAD ./zf_common/zf_common_interrupt.o
LOAD ./user_c/isr.o
LOAD ./user_c/main.o
LOAD ./sdk/Startup/startup_ch32v30x_D8C.o
LOAD ./sdk/Peripheral/ch32v30x_adc.o
LOAD ./sdk/Peripheral/ch32v30x_bkp.o
LOAD ./sdk/Peripheral/ch32v30x_can.o
LOAD ./sdk/Peripheral/ch32v30x_crc.o
LOAD ./sdk/Peripheral/ch32v30x_dac.o
LOAD ./sdk/Peripheral/ch32v30x_dbgmcu.o
LOAD ./sdk/Peripheral/ch32v30x_dma.o
LOAD ./sdk/Peripheral/ch32v30x_dvp.o
LOAD ./sdk/Peripheral/ch32v30x_eth.o
LOAD ./sdk/Peripheral/ch32v30x_exti.o
LOAD ./sdk/Peripheral/ch32v30x_flash.o
LOAD ./sdk/Peripheral/ch32v30x_fsmc.o
LOAD ./sdk/Peripheral/ch32v30x_gpio.o
LOAD ./sdk/Peripheral/ch32v30x_i2c.o
LOAD ./sdk/Peripheral/ch32v30x_iwdg.o
LOAD ./sdk/Peripheral/ch32v30x_opa.o
LOAD ./sdk/Peripheral/ch32v30x_pwr.o
LOAD ./sdk/Peripheral/ch32v30x_rcc.o
LOAD ./sdk/Peripheral/ch32v30x_rng.o
LOAD ./sdk/Peripheral/ch32v30x_rtc.o
LOAD ./sdk/Peripheral/ch32v30x_sdio.o
LOAD ./sdk/Peripheral/ch32v30x_spi.o
LOAD ./sdk/Peripheral/ch32v30x_tim.o
LOAD ./sdk/Peripheral/ch32v30x_usart.o
LOAD ./sdk/Peripheral/ch32v30x_usbotg_device.o
LOAD ./sdk/Peripheral/ch32v30x_wwdg.o
LOAD ./sdk/Core/core_riscv.o
LOAD c:/mounriver/mounriver_studio/toolchain/risc-v embedded gcc/bin/../lib/gcc/riscv-none-embed/8.2.0/../../../../riscv-none-embed/lib/rv32imafc/ilp32f\libm.a
LOAD C:\Users\2017600918\OneDrive\桌面\CHV307_Library-master\CHV307_Library-master\Example\libraries\zf_device\libzf_device_config.a
LOAD c:/mounriver/mounriver_studio/toolchain/risc-v embedded gcc/bin/../lib/gcc/riscv-none-embed/8.2.0/rv32imafc/ilp32f\libgcc.a
LOAD c:/mounriver/mounriver_studio/toolchain/risc-v embedded gcc/bin/../lib/gcc/riscv-none-embed/8.2.0/../../../../riscv-none-embed/lib/rv32imafc/ilp32f\libg_nano.a
LOAD c:/mounriver/mounriver_studio/toolchain/risc-v embedded gcc/bin/../lib/gcc/riscv-none-embed/8.2.0/../../../../riscv-none-embed/lib/rv32imafc/ilp32f\libc_nano.a
LOAD c:/mounriver/mounriver_studio/toolchain/risc-v embedded gcc/bin/../lib/gcc/riscv-none-embed/8.2.0/rv32imafc/ilp32f\libgcc.a
START GROUP
LOAD c:/mounriver/mounriver_studio/toolchain/risc-v embedded gcc/bin/../lib/gcc/riscv-none-embed/8.2.0/rv32imafc/ilp32f\libgcc.a
LOAD c:/mounriver/mounriver_studio/toolchain/risc-v embedded gcc/bin/../lib/gcc/riscv-none-embed/8.2.0/../../../../riscv-none-embed/lib/rv32imafc/ilp32f\libc_nano.a
LOAD c:/mounriver/mounriver_studio/toolchain/risc-v embedded gcc/bin/../lib/gcc/riscv-none-embed/8.2.0/../../../../riscv-none-embed/lib/rv32imafc/ilp32f\libnosys.a
END GROUP
START GROUP
LOAD c:/mounriver/mounriver_studio/toolchain/risc-v embedded gcc/bin/../lib/gcc/riscv-none-embed/8.2.0/rv32imafc/ilp32f\libgcc.a
LOAD c:/mounriver/mounriver_studio/toolchain/risc-v embedded gcc/bin/../lib/gcc/riscv-none-embed/8.2.0/../../../../riscv-none-embed/lib/rv32imafc/ilp32f\libc_nano.a
LOAD c:/mounriver/mounriver_studio/toolchain/risc-v embedded gcc/bin/../lib/gcc/riscv-none-embed/8.2.0/../../../../riscv-none-embed/lib/rv32imafc/ilp32f\libnosys.a
END GROUP
                0x0000000000000800                __stack_size = 0x800
                [!provide]                        PROVIDE (_stack_size = __stack_size)

.init           0x0000000000000000       0x38
                0x0000000000000000                _sinit = .
                0x0000000000000000                . = ALIGN (0x4)
 *(SORT_NONE(.init))
 .init          0x0000000000000000       0x38 ./sdk/Startup/startup_ch32v30x_D8C.o
                0x0000000000000000                _start
                0x0000000000000038                . = ALIGN (0x4)
                0x0000000000000038                _einit = .

.vector         0x0000000000000038      0x1c8
 *(.vector)
 .vector        0x0000000000000038      0x1a0 ./sdk/Startup/startup_ch32v30x_D8C.o
                0x0000000000000200                . = ALIGN (0x40)
 *fill*         0x00000000000001d8       0x28 

.text           0x0000000000000200     0xd9e4
                0x0000000000000200                . = ALIGN (0x4)
 *(.text)
 .text          0x0000000000000200       0xa8 c:/mounriver/mounriver_studio/toolchain/risc-v embedded gcc/bin/../lib/gcc/riscv-none-embed/8.2.0/../../../../riscv-none-embed/lib/rv32imafc/ilp32f\libg_nano.a(lib_a-memset.o)
                0x0000000000000200                memset
 *(.text.*)
 .text.system_delay_ms
                0x00000000000002a8       0xa2 ./zf_driver/zf_driver_delay.o
                0x00000000000002a8                system_delay_ms
 .text.encoder_get_count
                0x000000000000034a      0x14e ./zf_driver/zf_driver_encoder.o
                0x000000000000034a                encoder_get_count
 .text.encoder_clear_count
                0x0000000000000498       0x9a ./zf_driver/zf_driver_encoder.o
                0x0000000000000498                encoder_clear_count
 .text.encoder_quad_init
                0x0000000000000532      0x2d6 ./zf_driver/zf_driver_encoder.o
                0x0000000000000532                encoder_quad_init
 .text.encoder_dir_init
                0x0000000000000808      0x2f6 ./zf_driver/zf_driver_encoder.o
                0x0000000000000808                encoder_dir_init
 .text.gpio_get_level
                0x0000000000000afe       0x42 ./zf_driver/zf_driver_gpio.o
                0x0000000000000afe                gpio_get_level
 .text.gpio_init
                0x0000000000000b40      0x15c ./zf_driver/zf_driver_gpio.o
                0x0000000000000b40                gpio_init
 .text.pit_init
                0x0000000000000c9c      0x214 ./zf_driver/zf_driver_pit.o
                0x0000000000000c9c                pit_init
 .text.timer_funciton_check
                0x0000000000000eb0       0x66 ./zf_driver/zf_driver_timer.o
                0x0000000000000eb0                timer_funciton_check
 .text.timer_clock_enable
                0x0000000000000f16       0xe2 ./zf_driver/zf_driver_timer.o
                0x0000000000000f16                timer_clock_enable
 .text.timer_get
                0x0000000000000ff8       0xfe ./zf_driver/zf_driver_timer.o
                0x0000000000000ff8                timer_get
 .text.timer_clear
                0x00000000000010f6       0xc4 ./zf_driver/zf_driver_timer.o
                0x00000000000010f6                timer_clear
 .text.uart_write_byte
                0x00000000000011ba       0x56 ./zf_driver/zf_driver_uart.o
                0x00000000000011ba                uart_write_byte
 .text.uart_write_string
                0x0000000000001210       0x60 ./zf_driver/zf_driver_uart.o
                0x0000000000001210                uart_write_string
 .text.uart_rx_interrupt
                0x0000000000001270       0x84 ./zf_driver/zf_driver_uart.o
                0x0000000000001270                uart_rx_interrupt
 .text.uart_query_byte
                0x00000000000012f4       0x5e ./zf_driver/zf_driver_uart.o
                0x00000000000012f4                uart_query_byte
 .text.uart_init
                0x0000000000001352      0x5aa ./zf_driver/zf_driver_uart.o
                0x0000000000001352                uart_init
 .text.dm1xa_sound_callback
                0x00000000000018fc       0xf6 ./zf_device/zf_device_dm1xa.o
                0x00000000000018fc                dm1xa_sound_callback
 .text.dm1xa_light_callback
                0x00000000000019f2       0x32 ./zf_device/zf_device_dm1xa.o
                0x00000000000019f2                dm1xa_light_callback
 .text.gnss_uart_callback
                0x0000000000001a24      0x15c ./zf_device/zf_device_gnss.o
                0x0000000000001a24                gnss_uart_callback
 .text.type_default_callback
                0x0000000000001b80        0xe ./zf_device/zf_device_type.o
 .text.clock_reset
                0x0000000000001b8e       0x76 ./zf_common/zf_common_clock.o
                0x0000000000001b8e                clock_reset
 .text.clock_set_freq
                0x0000000000001c04      0x1de ./zf_common/zf_common_clock.o
                0x0000000000001c04                clock_set_freq
 .text.clock_init
                0x0000000000001de2       0x2a ./zf_common/zf_common_clock.o
                0x0000000000001de2                clock_init
 .text.__NOP    0x0000000000001e0c       0x10 ./zf_common/zf_common_debug.o
 .text.debug_delay
                0x0000000000001e1c       0x52 ./zf_common/zf_common_debug.o
 .text.debug_protective_handler
                0x0000000000001e6e        0xe ./zf_common/zf_common_debug.o
 .text.debug_uart_str_output
                0x0000000000001e7c       0x20 ./zf_common/zf_common_debug.o
 .text.debug_output
                0x0000000000001e9c      0x52c ./zf_common/zf_common_debug.o
 .text._write   0x00000000000023c8       0x7c ./zf_common/zf_common_debug.o
                0x00000000000023c8                _write
 .text.debug_assert_handler
                0x0000000000002444       0x68 ./zf_common/zf_common_debug.o
                0x0000000000002444                debug_assert_handler
 .text.debug_output_struct_init
                0x00000000000024ac       0x5a ./zf_common/zf_common_debug.o
                0x00000000000024ac                debug_output_struct_init
 .text.debug_output_init
                0x0000000000002506       0x88 ./zf_common/zf_common_debug.o
                0x0000000000002506                debug_output_init
 .text.debug_init
                0x000000000000258e       0x60 ./zf_common/zf_common_debug.o
                0x000000000000258e                debug_init
 .text.fifo_head_offset
                0x00000000000025ee      0x184 ./zf_common/zf_common_fifo.o
 .text.fifo_end_offset
                0x0000000000002772      0x184 ./zf_common/zf_common_fifo.o
 .text.fifo_clear
                0x00000000000028f6      0x24a ./zf_common/zf_common_fifo.o
                0x00000000000028f6                fifo_clear
 .text.fifo_used
                0x0000000000002b40       0x7a ./zf_common/zf_common_fifo.o
                0x0000000000002b40                fifo_used
 .text.fifo_write_buffer
                0x0000000000002bba      0x5ea ./zf_common/zf_common_fifo.o
                0x0000000000002bba                fifo_write_buffer
 .text.fifo_read_buffer
                0x00000000000031a4      0x5a4 ./zf_common/zf_common_fifo.o
                0x00000000000031a4                fifo_read_buffer
 .text.fifo_init
                0x0000000000003748      0x248 ./zf_common/zf_common_fifo.o
                0x0000000000003748                fifo_init
 .text.__enable_irq
                0x0000000000003990       0x18 ./zf_common/zf_common_interrupt.o
 .text.__disable_irq
                0x00000000000039a8       0x14 ./zf_common/zf_common_interrupt.o
 .text.NVIC_EnableIRQ
                0x00000000000039bc       0x32 ./zf_common/zf_common_interrupt.o
 .text.NVIC_DisableIRQ
                0x00000000000039ee       0x32 ./zf_common/zf_common_interrupt.o
 .text.NVIC_SetPriority
                0x0000000000003a20       0x2a ./zf_common/zf_common_interrupt.o
 .text.interrupt_enable
                0x0000000000003a4a       0x1c ./zf_common/zf_common_interrupt.o
                0x0000000000003a4a                interrupt_enable
 .text.interrupt_disable
                0x0000000000003a66       0x1c ./zf_common/zf_common_interrupt.o
                0x0000000000003a66                interrupt_disable
 .text.interrupt_set_priority
                0x0000000000003a82       0x28 ./zf_common/zf_common_interrupt.o
                0x0000000000003a82                interrupt_set_priority
 .text.interrupt_global_enable
                0x0000000000003aaa       0x30 ./zf_common/zf_common_interrupt.o
                0x0000000000003aaa                interrupt_global_enable
 .text.interrupt_global_disable
                0x0000000000003ada       0x2a ./zf_common/zf_common_interrupt.o
                0x0000000000003ada                interrupt_global_disable
 .text.interrupt_init
                0x0000000000003b04       0x16 ./zf_common/zf_common_interrupt.o
                0x0000000000003b04                interrupt_init
 .text.USART1_IRQHandler
                0x0000000000003b1a       0xc4 ./user_c/isr.o
                0x0000000000003b1a                USART1_IRQHandler
 .text.USART2_IRQHandler
                0x0000000000003bde       0xc4 ./user_c/isr.o
                0x0000000000003bde                USART2_IRQHandler
 .text.USART3_IRQHandler
                0x0000000000003ca2       0xc4 ./user_c/isr.o
                0x0000000000003ca2                USART3_IRQHandler
 .text.UART4_IRQHandler
                0x0000000000003d66       0xc4 ./user_c/isr.o
                0x0000000000003d66                UART4_IRQHandler
 .text.UART5_IRQHandler
                0x0000000000003e2a       0xc6 ./user_c/isr.o
                0x0000000000003e2a                UART5_IRQHandler
 .text.UART6_IRQHandler
                0x0000000000003ef0       0xc4 ./user_c/isr.o
                0x0000000000003ef0                UART6_IRQHandler
 .text.UART7_IRQHandler
                0x0000000000003fb4       0xca ./user_c/isr.o
                0x0000000000003fb4                UART7_IRQHandler
 .text.UART8_IRQHandler
                0x000000000000407e       0xc0 ./user_c/isr.o
                0x000000000000407e                UART8_IRQHandler
 .text.DVP_IRQHandler
                0x000000000000413e       0xd0 ./user_c/isr.o
                0x000000000000413e                DVP_IRQHandler
 .text.EXTI0_IRQHandler
                0x000000000000420e       0xb4 ./user_c/isr.o
                0x000000000000420e                EXTI0_IRQHandler
 .text.EXTI1_IRQHandler
                0x00000000000042c2       0xb4 ./user_c/isr.o
                0x00000000000042c2                EXTI1_IRQHandler
 .text.EXTI2_IRQHandler
                0x0000000000004376       0xb4 ./user_c/isr.o
                0x0000000000004376                EXTI2_IRQHandler
 .text.EXTI3_IRQHandler
                0x000000000000442a       0xb4 ./user_c/isr.o
                0x000000000000442a                EXTI3_IRQHandler
 .text.EXTI4_IRQHandler
                0x00000000000044de       0xb4 ./user_c/isr.o
                0x00000000000044de                EXTI4_IRQHandler
 .text.EXTI9_5_IRQHandler
                0x0000000000004592      0x118 ./user_c/isr.o
                0x0000000000004592                EXTI9_5_IRQHandler
 .text.EXTI15_10_IRQHandler
                0x00000000000046aa      0x132 ./user_c/isr.o
                0x00000000000046aa                EXTI15_10_IRQHandler
 .text.TIM1_UP_IRQHandler
                0x00000000000047dc       0xc0 ./user_c/isr.o
                0x00000000000047dc                TIM1_UP_IRQHandler
 .text.TIM2_IRQHandler
                0x000000000000489c       0xba ./user_c/isr.o
                0x000000000000489c                TIM2_IRQHandler
 .text.TIM3_IRQHandler
                0x0000000000004956       0xc0 ./user_c/isr.o
                0x0000000000004956                TIM3_IRQHandler
 .text.TIM4_IRQHandler
                0x0000000000004a16       0xc0 ./user_c/isr.o
                0x0000000000004a16                TIM4_IRQHandler
 .text.TIM5_IRQHandler
                0x0000000000004ad6       0xc0 ./user_c/isr.o
                0x0000000000004ad6                TIM5_IRQHandler
 .text.TIM6_IRQHandler
                0x0000000000004b96       0xb8 ./user_c/isr.o
                0x0000000000004b96                TIM6_IRQHandler
 .text.TIM7_IRQHandler
                0x0000000000004c4e       0xc0 ./user_c/isr.o
                0x0000000000004c4e                TIM7_IRQHandler
 .text.TIM8_UP_IRQHandler
                0x0000000000004d0e       0xc0 ./user_c/isr.o
                0x0000000000004d0e                TIM8_UP_IRQHandler
 .text.TIM9_UP_IRQHandler
                0x0000000000004dce       0xc0 ./user_c/isr.o
                0x0000000000004dce                TIM9_UP_IRQHandler
 .text.TIM10_UP_IRQHandler
                0x0000000000004e8e       0xb8 ./user_c/isr.o
                0x0000000000004e8e                TIM10_UP_IRQHandler
 .text.NMI_Handler
                0x0000000000004f46       0x10 ./user_c/isr.o
                0x0000000000004f46                NMI_Handler
 .text.HardFault_Handler
                0x0000000000004f56        0x8 ./user_c/isr.o
                0x0000000000004f56                HardFault_Handler
 .text.main     0x0000000000004f5e       0x88 ./user_c/main.o
                0x0000000000004f5e                main
 .text.pit_handler
                0x0000000000004fe6       0x3a ./user_c/main.o
                0x0000000000004fe6                pit_handler
 .text.vector_handler
                0x0000000000005020       0xbe ./sdk/Startup/startup_ch32v30x_D8C.o
                0x0000000000005024                Ecall_M_Mode_Handler
                0x0000000000005026                Ecall_U_Mode_Handler
                0x0000000000005028                Break_Point_Handler
                0x000000000000502a                SysTick_Handler
                0x000000000000502c                SW_Handler
                0x000000000000502e                WWDG_IRQHandler
                0x0000000000005030                PVD_IRQHandler
                0x0000000000005032                TAMPER_IRQHandler
                0x0000000000005034                RTC_IRQHandler
                0x0000000000005036                FLASH_IRQHandler
                0x0000000000005038                RCC_IRQHandler
                0x0000000000005044                DMA1_Channel1_IRQHandler
                0x0000000000005046                DMA1_Channel2_IRQHandler
                0x0000000000005048                DMA1_Channel3_IRQHandler
                0x000000000000504a                DMA1_Channel4_IRQHandler
                0x000000000000504c                DMA1_Channel5_IRQHandler
                0x000000000000504e                DMA1_Channel6_IRQHandler
                0x0000000000005050                DMA1_Channel7_IRQHandler
                0x0000000000005052                ADC1_2_IRQHandler
                0x0000000000005054                USB_HP_CAN1_TX_IRQHandler
                0x0000000000005056                USB_LP_CAN1_RX0_IRQHandler
                0x0000000000005058                CAN1_RX1_IRQHandler
                0x000000000000505a                CAN1_SCE_IRQHandler
                0x000000000000505e                TIM1_BRK_IRQHandler
                0x0000000000005062                TIM1_TRG_COM_IRQHandler
                0x0000000000005064                TIM1_CC_IRQHandler
                0x000000000000506c                I2C1_EV_IRQHandler
                0x000000000000506e                I2C1_ER_IRQHandler
                0x0000000000005070                I2C2_EV_IRQHandler
                0x0000000000005072                I2C2_ER_IRQHandler
                0x0000000000005074                SPI1_IRQHandler
                0x0000000000005076                SPI2_IRQHandler
                0x0000000000005080                RTCAlarm_IRQHandler
                0x0000000000005082                USBWakeUp_IRQHandler
                0x0000000000005084                TIM8_BRK_IRQHandler
                0x0000000000005088                TIM8_TRG_COM_IRQHandler
                0x000000000000508a                TIM8_CC_IRQHandler
                0x000000000000508c                RNG_IRQHandler
                0x000000000000508e                FSMC_IRQHandler
                0x0000000000005090                SDIO_IRQHandler
                0x0000000000005094                SPI3_IRQHandler
                0x000000000000509e                DMA2_Channel1_IRQHandler
                0x00000000000050a0                DMA2_Channel2_IRQHandler
                0x00000000000050a2                DMA2_Channel3_IRQHandler
                0x00000000000050a4                DMA2_Channel4_IRQHandler
                0x00000000000050a6                DMA2_Channel5_IRQHandler
                0x00000000000050a8                ETH_IRQHandler
                0x00000000000050aa                ETH_WKUP_IRQHandler
                0x00000000000050ac                CAN2_TX_IRQHandler
                0x00000000000050ae                CAN2_RX0_IRQHandler
                0x00000000000050b0                CAN2_RX1_IRQHandler
                0x00000000000050b2                CAN2_SCE_IRQHandler
                0x00000000000050b6                USBHSWakeup_IRQHandler
                0x00000000000050b8                USBHS_IRQHandler
                0x00000000000050c2                TIM9_BRK_IRQHandler
                0x00000000000050c6                TIM9_TRG_COM_IRQHandler
                0x00000000000050c8                TIM9_CC_IRQHandler
                0x00000000000050ca                TIM10_BRK_IRQHandler
                0x00000000000050ce                TIM10_TRG_COM_IRQHandler
                0x00000000000050d0                TIM10_CC_IRQHandler
                0x00000000000050d2                DMA2_Channel6_IRQHandler
                0x00000000000050d4                DMA2_Channel7_IRQHandler
                0x00000000000050d6                DMA2_Channel8_IRQHandler
                0x00000000000050d8                DMA2_Channel9_IRQHandler
                0x00000000000050da                DMA2_Channel10_IRQHandler
                0x00000000000050dc                DMA2_Channel11_IRQHandler
 .text.handle_reset
                0x00000000000050de       0x86 ./sdk/Startup/startup_ch32v30x_D8C.o
                0x00000000000050de                handle_reset
 .text.EXTI_GetITStatus
                0x0000000000005164       0x56 ./sdk/Peripheral/ch32v30x_exti.o
                0x0000000000005164                EXTI_GetITStatus
 .text.EXTI_ClearITPendingBit
                0x00000000000051ba       0x20 ./sdk/Peripheral/ch32v30x_exti.o
                0x00000000000051ba                EXTI_ClearITPendingBit
 .text.GPIO_Init
                0x00000000000051da      0x22a ./sdk/Peripheral/ch32v30x_gpio.o
                0x00000000000051da                GPIO_Init
 .text.GPIO_WriteBit
                0x0000000000005404       0x38 ./sdk/Peripheral/ch32v30x_gpio.o
                0x0000000000005404                GPIO_WriteBit
 .text.GPIO_PinRemapConfig
                0x000000000000543c      0x1c8 ./sdk/Peripheral/ch32v30x_gpio.o
                0x000000000000543c                GPIO_PinRemapConfig
 .text.RCC_GetClocksFreq
                0x0000000000005604      0x2c6 ./sdk/Peripheral/ch32v30x_rcc.o
                0x0000000000005604                RCC_GetClocksFreq
 .text.RCC_APB2PeriphClockCmd
                0x00000000000058ca       0x46 ./sdk/Peripheral/ch32v30x_rcc.o
                0x00000000000058ca                RCC_APB2PeriphClockCmd
 .text.RCC_APB1PeriphClockCmd
                0x0000000000005910       0x46 ./sdk/Peripheral/ch32v30x_rcc.o
                0x0000000000005910                RCC_APB1PeriphClockCmd
 .text.TIM_TimeBaseInit
                0x0000000000005956      0x17e ./sdk/Peripheral/ch32v30x_tim.o
                0x0000000000005956                TIM_TimeBaseInit
 .text.TIM_TimeBaseStructInit
                0x0000000000005ad4       0x3c ./sdk/Peripheral/ch32v30x_tim.o
                0x0000000000005ad4                TIM_TimeBaseStructInit
 .text.TIM_Cmd  0x0000000000005b10       0x58 ./sdk/Peripheral/ch32v30x_tim.o
                0x0000000000005b10                TIM_Cmd
 .text.TIM_ITConfig
                0x0000000000005b68       0x70 ./sdk/Peripheral/ch32v30x_tim.o
                0x0000000000005b68                TIM_ITConfig
 .text.TIM_ITRxExternalClockConfig
                0x0000000000005bd8       0x46 ./sdk/Peripheral/ch32v30x_tim.o
                0x0000000000005bd8                TIM_ITRxExternalClockConfig
 .text.TIM_ETRConfig
                0x0000000000005c1e       0x7c ./sdk/Peripheral/ch32v30x_tim.o
                0x0000000000005c1e                TIM_ETRConfig
 .text.TIM_SelectInputTrigger
                0x0000000000005c9a       0x4e ./sdk/Peripheral/ch32v30x_tim.o
                0x0000000000005c9a                TIM_SelectInputTrigger
 .text.TIM_EncoderInterfaceConfig
                0x0000000000005ce8       0xd8 ./sdk/Peripheral/ch32v30x_tim.o
                0x0000000000005ce8                TIM_EncoderInterfaceConfig
 .text.TIM_GetITStatus
                0x0000000000005dc0       0x70 ./sdk/Peripheral/ch32v30x_tim.o
                0x0000000000005dc0                TIM_GetITStatus
 .text.TIM_ClearITPendingBit
                0x0000000000005e30       0x2e ./sdk/Peripheral/ch32v30x_tim.o
                0x0000000000005e30                TIM_ClearITPendingBit
 .text.USART_Init
                0x0000000000005e5e      0x234 ./sdk/Peripheral/ch32v30x_usart.o
                0x0000000000005e5e                USART_Init
 .text.USART_Cmd
                0x0000000000006092       0x60 ./sdk/Peripheral/ch32v30x_usart.o
                0x0000000000006092                USART_Cmd
 .text.USART_ITConfig
                0x00000000000060f2       0xc4 ./sdk/Peripheral/ch32v30x_usart.o
                0x00000000000060f2                USART_ITConfig
 .text.USART_SendData
                0x00000000000061b6       0x2e ./sdk/Peripheral/ch32v30x_usart.o
                0x00000000000061b6                USART_SendData
 .text.USART_GetFlagStatus
                0x00000000000061e4       0x46 ./sdk/Peripheral/ch32v30x_usart.o
                0x00000000000061e4                USART_GetFlagStatus
 .text.USART_GetITStatus
                0x000000000000622a      0x102 ./sdk/Peripheral/ch32v30x_usart.o
                0x000000000000622a                USART_GetITStatus
 .text.USART_ClearITPendingBit
                0x000000000000632c       0x4e ./sdk/Peripheral/ch32v30x_usart.o
                0x000000000000632c                USART_ClearITPendingBit
 .text.DevEP1_IN_Deal
                0x000000000000637a       0x3e ./sdk/Peripheral/ch32v30x_usbotg_device.o
                0x000000000000637a                DevEP1_IN_Deal
 .text.DevEP2_IN_Deal
                0x00000000000063b8       0x3e ./sdk/Peripheral/ch32v30x_usbotg_device.o
                0x00000000000063b8                DevEP2_IN_Deal
 .text.DevEP1_OUT_Deal
                0x00000000000063f6       0x64 ./sdk/Peripheral/ch32v30x_usbotg_device.o
                0x00000000000063f6                DevEP1_OUT_Deal
 .text.DevEP2_OUT_Deal
                0x000000000000645a       0x64 ./sdk/Peripheral/ch32v30x_usbotg_device.o
                0x000000000000645a                DevEP2_OUT_Deal
 .text.OTG_FS_IRQHandler
                0x00000000000064be      0xd16 ./sdk/Peripheral/ch32v30x_usbotg_device.o
                0x00000000000064be                OTG_FS_IRQHandler
 .text.__adddf3
                0x00000000000071d4      0xa0e c:/mounriver/mounriver_studio/toolchain/risc-v embedded gcc/bin/../lib/gcc/riscv-none-embed/8.2.0/rv32imafc/ilp32f\libgcc.a(adddf3.o)
                0x00000000000071d4                __adddf3
 .text.__divdf3
                0x0000000000007be2      0x7ea c:/mounriver/mounriver_studio/toolchain/risc-v embedded gcc/bin/../lib/gcc/riscv-none-embed/8.2.0/rv32imafc/ilp32f\libgcc.a(divdf3.o)
                0x0000000000007be2                __divdf3
 .text.__eqdf2  0x00000000000083cc       0x98 c:/mounriver/mounriver_studio/toolchain/risc-v embedded gcc/bin/../lib/gcc/riscv-none-embed/8.2.0/rv32imafc/ilp32f\libgcc.a(eqdf2.o)
                0x00000000000083cc                __nedf2
                0x00000000000083cc                __eqdf2
 .text.__gedf2  0x0000000000008464       0xb6 c:/mounriver/mounriver_studio/toolchain/risc-v embedded gcc/bin/../lib/gcc/riscv-none-embed/8.2.0/rv32imafc/ilp32f\libgcc.a(gedf2.o)
                0x0000000000008464                __gedf2
                0x0000000000008464                __gtdf2
 .text.__ledf2  0x000000000000851a       0xb6 c:/mounriver/mounriver_studio/toolchain/risc-v embedded gcc/bin/../lib/gcc/riscv-none-embed/8.2.0/rv32imafc/ilp32f\libgcc.a(ledf2.o)
                0x000000000000851a                __ledf2
                0x000000000000851a                __ltdf2
 .text.__muldf3
                0x00000000000085d0      0x656 c:/mounriver/mounriver_studio/toolchain/risc-v embedded gcc/bin/../lib/gcc/riscv-none-embed/8.2.0/rv32imafc/ilp32f\libgcc.a(muldf3.o)
                0x00000000000085d0                __muldf3
 .text.__subdf3
                0x0000000000008c26      0xa8c c:/mounriver/mounriver_studio/toolchain/risc-v embedded gcc/bin/../lib/gcc/riscv-none-embed/8.2.0/rv32imafc/ilp32f\libgcc.a(subdf3.o)
                0x0000000000008c26                __subdf3
 .text.__unorddf2
                0x00000000000096b2       0x7c c:/mounriver/mounriver_studio/toolchain/risc-v embedded gcc/bin/../lib/gcc/riscv-none-embed/8.2.0/rv32imafc/ilp32f\libgcc.a(unorddf2.o)
                0x00000000000096b2                __unorddf2
 .text.__fixdfsi
                0x000000000000972e       0xd8 c:/mounriver/mounriver_studio/toolchain/risc-v embedded gcc/bin/../lib/gcc/riscv-none-embed/8.2.0/rv32imafc/ilp32f\libgcc.a(fixdfsi.o)
                0x000000000000972e                __fixdfsi
 .text.__fixunsdfsi
                0x0000000000009806       0x9e c:/mounriver/mounriver_studio/toolchain/risc-v embedded gcc/bin/../lib/gcc/riscv-none-embed/8.2.0/rv32imafc/ilp32f\libgcc.a(fixunsdfsi.o)
                0x0000000000009806                __fixunsdfsi
 .text.__floatsidf
                0x00000000000098a4       0x70 c:/mounriver/mounriver_studio/toolchain/risc-v embedded gcc/bin/../lib/gcc/riscv-none-embed/8.2.0/rv32imafc/ilp32f\libgcc.a(floatsidf.o)
                0x00000000000098a4                __floatsidf
 .text.__floatunsidf
                0x0000000000009914       0x66 c:/mounriver/mounriver_studio/toolchain/risc-v embedded gcc/bin/../lib/gcc/riscv-none-embed/8.2.0/rv32imafc/ilp32f\libgcc.a(floatunsidf.o)
                0x0000000000009914                __floatunsidf
 .text.__extendsfdf2
                0x000000000000997a       0xe8 c:/mounriver/mounriver_studio/toolchain/risc-v embedded gcc/bin/../lib/gcc/riscv-none-embed/8.2.0/rv32imafc/ilp32f\libgcc.a(extendsfdf2.o)
                0x000000000000997a                __extendsfdf2
 .text.__clzsi2
                0x0000000000009a62       0x76 c:/mounriver/mounriver_studio/toolchain/risc-v embedded gcc/bin/../lib/gcc/riscv-none-embed/8.2.0/rv32imafc/ilp32f\libgcc.a(_clzsi2.o)
                0x0000000000009a62                __clzsi2
 .text.malloc   0x0000000000009ad8        0xa c:/mounriver/mounriver_studio/toolchain/risc-v embedded gcc/bin/../lib/gcc/riscv-none-embed/8.2.0/../../../../riscv-none-embed/lib/rv32imafc/ilp32f\libg_nano.a(lib_a-malloc.o)
                0x0000000000009ad8                malloc
 .text.memcpy   0x0000000000009ae2       0xb6 c:/mounriver/mounriver_studio/toolchain/risc-v embedded gcc/bin/../lib/gcc/riscv-none-embed/8.2.0/../../../../riscv-none-embed/lib/rv32imafc/ilp32f\libg_nano.a(lib_a-memcpy.o)
                0x0000000000009ae2                memcpy
 .text._free_r  0x0000000000009b98       0xa8 c:/mounriver/mounriver_studio/toolchain/risc-v embedded gcc/bin/../lib/gcc/riscv-none-embed/8.2.0/../../../../riscv-none-embed/lib/rv32imafc/ilp32f\libg_nano.a(lib_a-nano-freer.o)
                0x0000000000009b98                _free_r
 .text._malloc_r
                0x0000000000009c40       0xda c:/mounriver/mounriver_studio/toolchain/risc-v embedded gcc/bin/../lib/gcc/riscv-none-embed/8.2.0/../../../../riscv-none-embed/lib/rv32imafc/ilp32f\libg_nano.a(lib_a-nano-mallocr.o)
                0x0000000000009c40                _malloc_r
 .text.__cvt    0x0000000000009d1a       0xee c:/mounriver/mounriver_studio/toolchain/risc-v embedded gcc/bin/../lib/gcc/riscv-none-embed/8.2.0/../../../../riscv-none-embed/lib/rv32imafc/ilp32f\libg_nano.a(lib_a-nano-vfprintf_float.o)
                0x0000000000009d1a                __cvt
 .text.__exponent
                0x0000000000009e08       0x8c c:/mounriver/mounriver_studio/toolchain/risc-v embedded gcc/bin/../lib/gcc/riscv-none-embed/8.2.0/../../../../riscv-none-embed/lib/rv32imafc/ilp32f\libg_nano.a(lib_a-nano-vfprintf_float.o)
                0x0000000000009e08                __exponent
 .text._printf_float
                0x0000000000009e94      0x4c4 c:/mounriver/mounriver_studio/toolchain/risc-v embedded gcc/bin/../lib/gcc/riscv-none-embed/8.2.0/../../../../riscv-none-embed/lib/rv32imafc/ilp32f\libg_nano.a(lib_a-nano-vfprintf_float.o)
                0x0000000000009e94                _printf_float
 .text._printf_common
                0x000000000000a358      0x10c c:/mounriver/mounriver_studio/toolchain/risc-v embedded gcc/bin/../lib/gcc/riscv-none-embed/8.2.0/../../../../riscv-none-embed/lib/rv32imafc/ilp32f\libg_nano.a(lib_a-nano-vfprintf_i.o)
                0x000000000000a358                _printf_common
 .text._printf_i
                0x000000000000a464      0x2ac c:/mounriver/mounriver_studio/toolchain/risc-v embedded gcc/bin/../lib/gcc/riscv-none-embed/8.2.0/../../../../riscv-none-embed/lib/rv32imafc/ilp32f\libg_nano.a(lib_a-nano-vfprintf_i.o)
                0x000000000000a464                _printf_i
 .text.printf   0x000000000000a710       0x42 c:/mounriver/mounriver_studio/toolchain/risc-v embedded gcc/bin/../lib/gcc/riscv-none-embed/8.2.0/../../../../riscv-none-embed/lib/rv32imafc/ilp32f\libg_nano.a(lib_a-printf.o)
                0x000000000000a710                iprintf
                0x000000000000a710                printf
 .text._sbrk_r  0x000000000000a752       0x2a c:/mounriver/mounriver_studio/toolchain/risc-v embedded gcc/bin/../lib/gcc/riscv-none-embed/8.2.0/../../../../riscv-none-embed/lib/rv32imafc/ilp32f\libg_nano.a(lib_a-sbrkr.o)
                0x000000000000a752                _sbrk_r
 .text.sprintf  0x000000000000a77c       0x46 c:/mounriver/mounriver_studio/toolchain/risc-v embedded gcc/bin/../lib/gcc/riscv-none-embed/8.2.0/../../../../riscv-none-embed/lib/rv32imafc/ilp32f\libg_nano.a(lib_a-sprintf.o)
                0x000000000000a77c                siprintf
                0x000000000000a77c                sprintf
 .text.strlen   0x000000000000a7c2       0x12 c:/mounriver/mounriver_studio/toolchain/risc-v embedded gcc/bin/../lib/gcc/riscv-none-embed/8.2.0/../../../../riscv-none-embed/lib/rv32imafc/ilp32f\libg_nano.a(lib_a-strlen.o)
                0x000000000000a7c2                strlen
 .text.strncmp  0x000000000000a7d4       0x2c c:/mounriver/mounriver_studio/toolchain/risc-v embedded gcc/bin/../lib/gcc/riscv-none-embed/8.2.0/../../../../riscv-none-embed/lib/rv32imafc/ilp32f\libg_nano.a(lib_a-strncmp.o)
                0x000000000000a7d4                strncmp
 .text.quorem   0x000000000000a800      0x13a c:/mounriver/mounriver_studio/toolchain/risc-v embedded gcc/bin/../lib/gcc/riscv-none-embed/8.2.0/../../../../riscv-none-embed/lib/rv32imafc/ilp32f\libg_nano.a(lib_a-dtoa.o)
 .text._dtoa_r  0x000000000000a93a      0xbea c:/mounriver/mounriver_studio/toolchain/risc-v embedded gcc/bin/../lib/gcc/riscv-none-embed/8.2.0/../../../../riscv-none-embed/lib/rv32imafc/ilp32f\libg_nano.a(lib_a-dtoa.o)
                0x000000000000a93a                _dtoa_r
 .text.std      0x000000000000b524       0x6a c:/mounriver/mounriver_studio/toolchain/risc-v embedded gcc/bin/../lib/gcc/riscv-none-embed/8.2.0/../../../../riscv-none-embed/lib/rv32imafc/ilp32f\libg_nano.a(lib_a-findfp.o)
 .text._cleanup_r
                0x000000000000b58e        0xa c:/mounriver/mounriver_studio/toolchain/risc-v embedded gcc/bin/../lib/gcc/riscv-none-embed/8.2.0/../../../../riscv-none-embed/lib/rv32imafc/ilp32f\libg_nano.a(lib_a-findfp.o)
                0x000000000000b58e                _cleanup_r
 .text.__sfmoreglue
                0x000000000000b598       0x48 c:/mounriver/mounriver_studio/toolchain/risc-v embedded gcc/bin/../lib/gcc/riscv-none-embed/8.2.0/../../../../riscv-none-embed/lib/rv32imafc/ilp32f\libg_nano.a(lib_a-findfp.o)
                0x000000000000b598                __sfmoreglue
 .text.__sinit  0x000000000000b5e0       0x6c c:/mounriver/mounriver_studio/toolchain/risc-v embedded gcc/bin/../lib/gcc/riscv-none-embed/8.2.0/../../../../riscv-none-embed/lib/rv32imafc/ilp32f\libg_nano.a(lib_a-findfp.o)
                0x000000000000b5e0                __sinit
 .text.__sfp    0x000000000000b64c       0xa0 c:/mounriver/mounriver_studio/toolchain/risc-v embedded gcc/bin/../lib/gcc/riscv-none-embed/8.2.0/../../../../riscv-none-embed/lib/rv32imafc/ilp32f\libg_nano.a(lib_a-findfp.o)
                0x000000000000b64c                __sfp
 .text._fwalk_reent
                0x000000000000b6ec       0x6c c:/mounriver/mounriver_studio/toolchain/risc-v embedded gcc/bin/../lib/gcc/riscv-none-embed/8.2.0/../../../../riscv-none-embed/lib/rv32imafc/ilp32f\libg_nano.a(lib_a-fwalk.o)
                0x000000000000b6ec                _fwalk_reent
 .text._localeconv_r
                0x000000000000b758       0x18 c:/mounriver/mounriver_studio/toolchain/risc-v embedded gcc/bin/../lib/gcc/riscv-none-embed/8.2.0/../../../../riscv-none-embed/lib/rv32imafc/ilp32f\libg_nano.a(lib_a-localeconv.o)
                0x000000000000b758                _localeconv_r
 .text.memchr   0x000000000000b770       0x1a c:/mounriver/mounriver_studio/toolchain/risc-v embedded gcc/bin/../lib/gcc/riscv-none-embed/8.2.0/../../../../riscv-none-embed/lib/rv32imafc/ilp32f\libg_nano.a(lib_a-memchr.o)
                0x000000000000b770                memchr
 .text.__malloc_lock
                0x000000000000b78a        0x2 c:/mounriver/mounriver_studio/toolchain/risc-v embedded gcc/bin/../lib/gcc/riscv-none-embed/8.2.0/../../../../riscv-none-embed/lib/rv32imafc/ilp32f\libg_nano.a(lib_a-mlock.o)
                0x000000000000b78a                __malloc_lock
 .text.__malloc_unlock
                0x000000000000b78c        0x2 c:/mounriver/mounriver_studio/toolchain/risc-v embedded gcc/bin/../lib/gcc/riscv-none-embed/8.2.0/../../../../riscv-none-embed/lib/rv32imafc/ilp32f\libg_nano.a(lib_a-mlock.o)
                0x000000000000b78c                __malloc_unlock
 .text._Balloc  0x000000000000b78e       0x88 c:/mounriver/mounriver_studio/toolchain/risc-v embedded gcc/bin/../lib/gcc/riscv-none-embed/8.2.0/../../../../riscv-none-embed/lib/rv32imafc/ilp32f\libg_nano.a(lib_a-mprec.o)
                0x000000000000b78e                _Balloc
 .text._Bfree   0x000000000000b816       0x44 c:/mounriver/mounriver_studio/toolchain/risc-v embedded gcc/bin/../lib/gcc/riscv-none-embed/8.2.0/../../../../riscv-none-embed/lib/rv32imafc/ilp32f\libg_nano.a(lib_a-mprec.o)
                0x000000000000b816                _Bfree
 .text.__multadd
                0x000000000000b85a       0x98 c:/mounriver/mounriver_studio/toolchain/risc-v embedded gcc/bin/../lib/gcc/riscv-none-embed/8.2.0/../../../../riscv-none-embed/lib/rv32imafc/ilp32f\libg_nano.a(lib_a-mprec.o)
                0x000000000000b85a                __multadd
 .text.__hi0bits
                0x000000000000b8f2       0x46 c:/mounriver/mounriver_studio/toolchain/risc-v embedded gcc/bin/../lib/gcc/riscv-none-embed/8.2.0/../../../../riscv-none-embed/lib/rv32imafc/ilp32f\libg_nano.a(lib_a-mprec.o)
                0x000000000000b8f2                __hi0bits
 .text.__lo0bits
                0x000000000000b938       0x6a c:/mounriver/mounriver_studio/toolchain/risc-v embedded gcc/bin/../lib/gcc/riscv-none-embed/8.2.0/../../../../riscv-none-embed/lib/rv32imafc/ilp32f\libg_nano.a(lib_a-mprec.o)
                0x000000000000b938                __lo0bits
 .text.__i2b    0x000000000000b9a2       0x1c c:/mounriver/mounriver_studio/toolchain/risc-v embedded gcc/bin/../lib/gcc/riscv-none-embed/8.2.0/../../../../riscv-none-embed/lib/rv32imafc/ilp32f\libg_nano.a(lib_a-mprec.o)
                0x000000000000b9a2                __i2b
 .text.__multiply
                0x000000000000b9be      0x144 c:/mounriver/mounriver_studio/toolchain/risc-v embedded gcc/bin/../lib/gcc/riscv-none-embed/8.2.0/../../../../riscv-none-embed/lib/rv32imafc/ilp32f\libg_nano.a(lib_a-mprec.o)
                0x000000000000b9be                __multiply
 .text.__pow5mult
                0x000000000000bb02       0xbe c:/mounriver/mounriver_studio/toolchain/risc-v embedded gcc/bin/../lib/gcc/riscv-none-embed/8.2.0/../../../../riscv-none-embed/lib/rv32imafc/ilp32f\libg_nano.a(lib_a-mprec.o)
                0x000000000000bb02                __pow5mult
 .text.__lshift
                0x000000000000bbc0       0xce c:/mounriver/mounriver_studio/toolchain/risc-v embedded gcc/bin/../lib/gcc/riscv-none-embed/8.2.0/../../../../riscv-none-embed/lib/rv32imafc/ilp32f\libg_nano.a(lib_a-mprec.o)
                0x000000000000bbc0                __lshift
 .text.__mcmp   0x000000000000bc8e       0x32 c:/mounriver/mounriver_studio/toolchain/risc-v embedded gcc/bin/../lib/gcc/riscv-none-embed/8.2.0/../../../../riscv-none-embed/lib/rv32imafc/ilp32f\libg_nano.a(lib_a-mprec.o)
                0x000000000000bc8e                __mcmp
 .text.__mdiff  0x000000000000bcc0       0xf2 c:/mounriver/mounriver_studio/toolchain/risc-v embedded gcc/bin/../lib/gcc/riscv-none-embed/8.2.0/../../../../riscv-none-embed/lib/rv32imafc/ilp32f\libg_nano.a(lib_a-mprec.o)
                0x000000000000bcc0                __mdiff
 .text.__d2b    0x000000000000bdb2       0xd4 c:/mounriver/mounriver_studio/toolchain/risc-v embedded gcc/bin/../lib/gcc/riscv-none-embed/8.2.0/../../../../riscv-none-embed/lib/rv32imafc/ilp32f\libg_nano.a(lib_a-mprec.o)
                0x000000000000bdb2                __d2b
 .text._calloc_r
                0x000000000000be86       0x28 c:/mounriver/mounriver_studio/toolchain/risc-v embedded gcc/bin/../lib/gcc/riscv-none-embed/8.2.0/../../../../riscv-none-embed/lib/rv32imafc/ilp32f\libg_nano.a(lib_a-nano-callocr.o)
                0x000000000000be86                _calloc_r
 .text.__ssputs_r
                0x000000000000beae       0xee c:/mounriver/mounriver_studio/toolchain/risc-v embedded gcc/bin/../lib/gcc/riscv-none-embed/8.2.0/../../../../riscv-none-embed/lib/rv32imafc/ilp32f\libg_nano.a(lib_a-nano-svfprintf.o)
                0x000000000000beae                __ssputs_r
 .text._svfprintf_r
                0x000000000000bf9c      0x27e c:/mounriver/mounriver_studio/toolchain/risc-v embedded gcc/bin/../lib/gcc/riscv-none-embed/8.2.0/../../../../riscv-none-embed/lib/rv32imafc/ilp32f\libg_nano.a(lib_a-nano-svfprintf.o)
                0x000000000000bf9c                _svfiprintf_r
                0x000000000000bf9c                _svfprintf_r
 .text.__sfputc_r
                0x000000000000c21a       0x28 c:/mounriver/mounriver_studio/toolchain/risc-v embedded gcc/bin/../lib/gcc/riscv-none-embed/8.2.0/../../../../riscv-none-embed/lib/rv32imafc/ilp32f\libg_nano.a(lib_a-nano-vfprintf.o)
 .text.__sfputs_r
                0x000000000000c242       0x44 c:/mounriver/mounriver_studio/toolchain/risc-v embedded gcc/bin/../lib/gcc/riscv-none-embed/8.2.0/../../../../riscv-none-embed/lib/rv32imafc/ilp32f\libg_nano.a(lib_a-nano-vfprintf.o)
                0x000000000000c242                __sfputs_r
 .text._vfprintf_r
                0x000000000000c286      0x29e c:/mounriver/mounriver_studio/toolchain/risc-v embedded gcc/bin/../lib/gcc/riscv-none-embed/8.2.0/../../../../riscv-none-embed/lib/rv32imafc/ilp32f\libg_nano.a(lib_a-nano-vfprintf.o)
                0x000000000000c286                _vfprintf_r
                0x000000000000c286                _vfiprintf_r
 .text.__sread  0x000000000000c524       0x30 c:/mounriver/mounriver_studio/toolchain/risc-v embedded gcc/bin/../lib/gcc/riscv-none-embed/8.2.0/../../../../riscv-none-embed/lib/rv32imafc/ilp32f\libg_nano.a(lib_a-stdio.o)
                0x000000000000c524                __sread
 .text.__swrite
                0x000000000000c554       0x4e c:/mounriver/mounriver_studio/toolchain/risc-v embedded gcc/bin/../lib/gcc/riscv-none-embed/8.2.0/../../../../riscv-none-embed/lib/rv32imafc/ilp32f\libg_nano.a(lib_a-stdio.o)
                0x000000000000c554                __swrite
 .text.__sseek  0x000000000000c5a2       0x36 c:/mounriver/mounriver_studio/toolchain/risc-v embedded gcc/bin/../lib/gcc/riscv-none-embed/8.2.0/../../../../riscv-none-embed/lib/rv32imafc/ilp32f\libg_nano.a(lib_a-stdio.o)
                0x000000000000c5a2                __sseek
 .text.__sclose
                0x000000000000c5d8        0x6 c:/mounriver/mounriver_studio/toolchain/risc-v embedded gcc/bin/../lib/gcc/riscv-none-embed/8.2.0/../../../../riscv-none-embed/lib/rv32imafc/ilp32f\libg_nano.a(lib_a-stdio.o)
                0x000000000000c5d8                __sclose
 .text.__swbuf_r
                0x000000000000c5de       0xc2 c:/mounriver/mounriver_studio/toolchain/risc-v embedded gcc/bin/../lib/gcc/riscv-none-embed/8.2.0/../../../../riscv-none-embed/lib/rv32imafc/ilp32f\libg_nano.a(lib_a-wbuf.o)
                0x000000000000c5de                __swbuf_r
 .text._write_r
                0x000000000000c6a0       0x2e c:/mounriver/mounriver_studio/toolchain/risc-v embedded gcc/bin/../lib/gcc/riscv-none-embed/8.2.0/../../../../riscv-none-embed/lib/rv32imafc/ilp32f\libg_nano.a(lib_a-writer.o)
                0x000000000000c6a0                _write_r
 .text.__swsetup_r
                0x000000000000c6ce      0x110 c:/mounriver/mounriver_studio/toolchain/risc-v embedded gcc/bin/../lib/gcc/riscv-none-embed/8.2.0/../../../../riscv-none-embed/lib/rv32imafc/ilp32f\libg_nano.a(lib_a-wsetup.o)
                0x000000000000c6ce                __swsetup_r
 .text._close_r
                0x000000000000c7de       0x2a c:/mounriver/mounriver_studio/toolchain/risc-v embedded gcc/bin/../lib/gcc/riscv-none-embed/8.2.0/../../../../riscv-none-embed/lib/rv32imafc/ilp32f\libg_nano.a(lib_a-closer.o)
                0x000000000000c7de                _close_r
 .text.__sflush_r
                0x000000000000c808      0x13e c:/mounriver/mounriver_studio/toolchain/risc-v embedded gcc/bin/../lib/gcc/riscv-none-embed/8.2.0/../../../../riscv-none-embed/lib/rv32imafc/ilp32f\libg_nano.a(lib_a-fflush.o)
                0x000000000000c808                __sflush_r
 .text._fflush_r
                0x000000000000c946       0x68 c:/mounriver/mounriver_studio/toolchain/risc-v embedded gcc/bin/../lib/gcc/riscv-none-embed/8.2.0/../../../../riscv-none-embed/lib/rv32imafc/ilp32f\libg_nano.a(lib_a-fflush.o)
                0x000000000000c946                _fflush_r
 .text._lseek_r
                0x000000000000c9ae       0x2c c:/mounriver/mounriver_studio/toolchain/risc-v embedded gcc/bin/../lib/gcc/riscv-none-embed/8.2.0/../../../../riscv-none-embed/lib/rv32imafc/ilp32f\libg_nano.a(lib_a-lseekr.o)
                0x000000000000c9ae                _lseek_r
 .text.__swhatbuf_r
                0x000000000000c9da       0x58 c:/mounriver/mounriver_studio/toolchain/risc-v embedded gcc/bin/../lib/gcc/riscv-none-embed/8.2.0/../../../../riscv-none-embed/lib/rv32imafc/ilp32f\libg_nano.a(lib_a-makebuf.o)
                0x000000000000c9da                __swhatbuf_r
 .text.__smakebuf_r
                0x000000000000ca32       0xa0 c:/mounriver/mounriver_studio/toolchain/risc-v embedded gcc/bin/../lib/gcc/riscv-none-embed/8.2.0/../../../../riscv-none-embed/lib/rv32imafc/ilp32f\libg_nano.a(lib_a-makebuf.o)
                0x000000000000ca32                __smakebuf_r
 .text.__ascii_mbtowc
                0x000000000000cad2       0x3a c:/mounriver/mounriver_studio/toolchain/risc-v embedded gcc/bin/../lib/gcc/riscv-none-embed/8.2.0/../../../../riscv-none-embed/lib/rv32imafc/ilp32f\libg_nano.a(lib_a-mbtowc_r.o)
                0x000000000000cad2                __ascii_mbtowc
 .text.memmove  0x000000000000cb0c       0x4a c:/mounriver/mounriver_studio/toolchain/risc-v embedded gcc/bin/../lib/gcc/riscv-none-embed/8.2.0/../../../../riscv-none-embed/lib/rv32imafc/ilp32f\libg_nano.a(lib_a-memmove.o)
                0x000000000000cb0c                memmove
 .text._realloc_r
                0x000000000000cb56       0x58 c:/mounriver/mounriver_studio/toolchain/risc-v embedded gcc/bin/../lib/gcc/riscv-none-embed/8.2.0/../../../../riscv-none-embed/lib/rv32imafc/ilp32f\libg_nano.a(lib_a-nano-reallocr.o)
                0x000000000000cb56                _realloc_r
 .text._read_r  0x000000000000cbae       0x2c c:/mounriver/mounriver_studio/toolchain/risc-v embedded gcc/bin/../lib/gcc/riscv-none-embed/8.2.0/../../../../riscv-none-embed/lib/rv32imafc/ilp32f\libg_nano.a(lib_a-readr.o)
                0x000000000000cbae                _read_r
 .text.__ascii_wctomb
                0x000000000000cbda       0x20 c:/mounriver/mounriver_studio/toolchain/risc-v embedded gcc/bin/../lib/gcc/riscv-none-embed/8.2.0/../../../../riscv-none-embed/lib/rv32imafc/ilp32f\libg_nano.a(lib_a-wctomb_r.o)
                0x000000000000cbda                __ascii_wctomb
 .text._fstat_r
                0x000000000000cbfa       0x2a c:/mounriver/mounriver_studio/toolchain/risc-v embedded gcc/bin/../lib/gcc/riscv-none-embed/8.2.0/../../../../riscv-none-embed/lib/rv32imafc/ilp32f\libg_nano.a(lib_a-fstatr.o)
                0x000000000000cbfa                _fstat_r
 .text._isatty_r
                0x000000000000cc24       0x28 c:/mounriver/mounriver_studio/toolchain/risc-v embedded gcc/bin/../lib/gcc/riscv-none-embed/8.2.0/../../../../riscv-none-embed/lib/rv32imafc/ilp32f\libg_nano.a(lib_a-isattyr.o)
                0x000000000000cc24                _isatty_r
 .text._malloc_usable_size_r
                0x000000000000cc4c       0x14 c:/mounriver/mounriver_studio/toolchain/risc-v embedded gcc/bin/../lib/gcc/riscv-none-embed/8.2.0/../../../../riscv-none-embed/lib/rv32imafc/ilp32f\libg_nano.a(lib_a-nano-msizer.o)
                0x000000000000cc4c                _malloc_usable_size_r
 .text.__trunctfdf2
                0x000000000000cc60      0x3d0 c:/mounriver/mounriver_studio/toolchain/risc-v embedded gcc/bin/../lib/gcc/riscv-none-embed/8.2.0/rv32imafc/ilp32f\libgcc.a(trunctfdf2.o)
                0x000000000000cc60                __trunctfdf2
 .text._close   0x000000000000d030        0xc c:/mounriver/mounriver_studio/toolchain/risc-v embedded gcc/bin/../lib/gcc/riscv-none-embed/8.2.0/../../../../riscv-none-embed/lib/rv32imafc/ilp32f\libnosys.a(close.o)
                0x000000000000d030                _close
 .text._fstat   0x000000000000d03c        0xc c:/mounriver/mounriver_studio/toolchain/risc-v embedded gcc/bin/../lib/gcc/riscv-none-embed/8.2.0/../../../../riscv-none-embed/lib/rv32imafc/ilp32f\libnosys.a(fstat.o)
                0x000000000000d03c                _fstat
 .text._isatty  0x000000000000d048        0xc c:/mounriver/mounriver_studio/toolchain/risc-v embedded gcc/bin/../lib/gcc/riscv-none-embed/8.2.0/../../../../riscv-none-embed/lib/rv32imafc/ilp32f\libnosys.a(isatty.o)
                0x000000000000d048                _isatty
 .text._lseek   0x000000000000d054        0xc c:/mounriver/mounriver_studio/toolchain/risc-v embedded gcc/bin/../lib/gcc/riscv-none-embed/8.2.0/../../../../riscv-none-embed/lib/rv32imafc/ilp32f\libnosys.a(lseek.o)
                0x000000000000d054                _lseek
 .text._read    0x000000000000d060        0xc c:/mounriver/mounriver_studio/toolchain/risc-v embedded gcc/bin/../lib/gcc/riscv-none-embed/8.2.0/../../../../riscv-none-embed/lib/rv32imafc/ilp32f\libnosys.a(read.o)
                0x000000000000d060                _read
 .text._sbrk    0x000000000000d06c       0x20 c:/mounriver/mounriver_studio/toolchain/risc-v embedded gcc/bin/../lib/gcc/riscv-none-embed/8.2.0/../../../../riscv-none-embed/lib/rv32imafc/ilp32f\libnosys.a(sbrk.o)
                0x000000000000d06c                _sbrk
 *(.rodata)
 *fill*         0x000000000000d08c        0x0 
 .rodata        0x000000000000d08c       0x7e ./zf_driver/zf_driver_encoder.o
 *fill*         0x000000000000d10a        0x2 
 .rodata        0x000000000000d10c       0xa2 ./zf_driver/zf_driver_pit.o
 *fill*         0x000000000000d1ae        0x2 
 .rodata        0x000000000000d1b0       0x7b ./zf_driver/zf_driver_uart.o
 *fill*         0x000000000000d22b        0x5 
 .rodata        0x000000000000d230        0x8 ./zf_device/zf_device_dm1xa.o
 .rodata        0x000000000000d238       0xf0 ./zf_device/zf_device_gnss.o
 .rodata        0x000000000000d328       0x78 ./zf_common/zf_common_debug.o
 .rodata        0x000000000000d3a0       0x7b ./zf_common/zf_common_fifo.o
 *fill*         0x000000000000d41b        0x1 
 .rodata        0x000000000000d41c       0x3d ./user_c/main.o
 *fill*         0x000000000000d459        0x3 
 .rodata        0x000000000000d45c       0x41 ./sdk/Peripheral/ch32v30x_usbotg_device.o
 *(.rodata*)
 *fill*         0x000000000000d49d        0x3 
 .rodata.encoder_get_count
                0x000000000000d4a0       0x28 ./zf_driver/zf_driver_encoder.o
 .rodata.encoder_clear_count
                0x000000000000d4c8       0x28 ./zf_driver/zf_driver_encoder.o
 .rodata.encoder_quad_init
                0x000000000000d4f0       0x28 ./zf_driver/zf_driver_encoder.o
 .rodata.encoder_dir_init
                0x000000000000d518       0x28 ./zf_driver/zf_driver_encoder.o
 .rodata.pit_init
                0x000000000000d540       0x28 ./zf_driver/zf_driver_pit.o
 .rodata.timer_get
                0x000000000000d568       0x28 ./zf_driver/zf_driver_timer.o
 .rodata.timer_clear
                0x000000000000d590       0x28 ./zf_driver/zf_driver_timer.o
 .rodata.uart_index
                0x000000000000d5b8       0x20 ./zf_driver/zf_driver_uart.o
                0x000000000000d5b8                uart_index
 .rodata.MyDevDescrHD
                0x000000000000d5d8       0x12 ./sdk/Peripheral/ch32v30x_usbotg_device.o
                0x000000000000d5d8                MyDevDescrHD
 *fill*         0x000000000000d5ea        0x2 
 .rodata.MyCfgDescrHD
                0x000000000000d5ec       0x43 ./sdk/Peripheral/ch32v30x_usbotg_device.o
                0x000000000000d5ec                MyCfgDescrHD
 *fill*         0x000000000000d62f        0x1 
 .rodata.MyReportDescHD
                0x000000000000d630       0x14 ./sdk/Peripheral/ch32v30x_usbotg_device.o
                0x000000000000d630                MyReportDescHD
 .rodata.MyManuInfoHD
                0x000000000000d644        0xe ./sdk/Peripheral/ch32v30x_usbotg_device.o
                0x000000000000d644                MyManuInfoHD
 *fill*         0x000000000000d652        0x2 
 .rodata.MyProdInfoHD
                0x000000000000d654        0xc ./sdk/Peripheral/ch32v30x_usbotg_device.o
                0x000000000000d654                MyProdInfoHD
 .rodata.MySerNumInfoHD
                0x000000000000d660       0x16 ./sdk/Peripheral/ch32v30x_usbotg_device.o
                0x000000000000d660                MySerNumInfoHD
 *fill*         0x000000000000d676        0x2 
 .rodata.MyUSBQUADescHD
                0x000000000000d678        0xa ./sdk/Peripheral/ch32v30x_usbotg_device.o
                0x000000000000d678                MyUSBQUADescHD
 *fill*         0x000000000000d682        0x2 
 .rodata.OTG_FS_IRQHandler
                0x000000000000d684       0xbc ./sdk/Peripheral/ch32v30x_usbotg_device.o
 .rodata.__divdf3
                0x000000000000d740       0x40 c:/mounriver/mounriver_studio/toolchain/risc-v embedded gcc/bin/../lib/gcc/riscv-none-embed/8.2.0/rv32imafc/ilp32f\libgcc.a(divdf3.o)
 .rodata.__muldf3
                0x000000000000d780       0x40 c:/mounriver/mounriver_studio/toolchain/risc-v embedded gcc/bin/../lib/gcc/riscv-none-embed/8.2.0/rv32imafc/ilp32f\libgcc.a(muldf3.o)
 .rodata.__clz_tab
                0x000000000000d7c0      0x100 c:/mounriver/mounriver_studio/toolchain/risc-v embedded gcc/bin/../lib/gcc/riscv-none-embed/8.2.0/rv32imafc/ilp32f\libgcc.a(_clz.o)
                0x000000000000d7c0                __clz_tab
 .rodata._printf_float.cst8
                0x000000000000d8c0        0x8 c:/mounriver/mounriver_studio/toolchain/risc-v embedded gcc/bin/../lib/gcc/riscv-none-embed/8.2.0/../../../../riscv-none-embed/lib/rv32imafc/ilp32f\libg_nano.a(lib_a-nano-vfprintf_float.o)
 .rodata._printf_float.str1.4
                0x000000000000d8c8       0x12 c:/mounriver/mounriver_studio/toolchain/risc-v embedded gcc/bin/../lib/gcc/riscv-none-embed/8.2.0/../../../../riscv-none-embed/lib/rv32imafc/ilp32f\libg_nano.a(lib_a-nano-vfprintf_float.o)
 *fill*         0x000000000000d8da        0x2 
 .rodata._printf_i.str1.4
                0x000000000000d8dc       0x25 c:/mounriver/mounriver_studio/toolchain/risc-v embedded gcc/bin/../lib/gcc/riscv-none-embed/8.2.0/../../../../riscv-none-embed/lib/rv32imafc/ilp32f\libg_nano.a(lib_a-nano-vfprintf_i.o)
 *fill*         0x000000000000d901        0x7 
 .rodata._dtoa_r.cst8
                0x000000000000d908       0x48 c:/mounriver/mounriver_studio/toolchain/risc-v embedded gcc/bin/../lib/gcc/riscv-none-embed/8.2.0/../../../../riscv-none-embed/lib/rv32imafc/ilp32f\libg_nano.a(lib_a-dtoa.o)
 .rodata._dtoa_r.str1.4
                0x000000000000d950       0x10 c:/mounriver/mounriver_studio/toolchain/risc-v embedded gcc/bin/../lib/gcc/riscv-none-embed/8.2.0/../../../../riscv-none-embed/lib/rv32imafc/ilp32f\libg_nano.a(lib_a-dtoa.o)
                                         0x12 (size before relaxing)
 .rodata.__sf_fake_stderr
                0x000000000000d960       0x20 c:/mounriver/mounriver_studio/toolchain/risc-v embedded gcc/bin/../lib/gcc/riscv-none-embed/8.2.0/../../../../riscv-none-embed/lib/rv32imafc/ilp32f\libg_nano.a(lib_a-findfp.o)
                0x000000000000d960                __sf_fake_stderr
 .rodata.__sf_fake_stdin
                0x000000000000d980       0x20 c:/mounriver/mounriver_studio/toolchain/risc-v embedded gcc/bin/../lib/gcc/riscv-none-embed/8.2.0/../../../../riscv-none-embed/lib/rv32imafc/ilp32f\libg_nano.a(lib_a-findfp.o)
                0x000000000000d980                __sf_fake_stdin
 .rodata.__sf_fake_stdout
                0x000000000000d9a0       0x20 c:/mounriver/mounriver_studio/toolchain/risc-v embedded gcc/bin/../lib/gcc/riscv-none-embed/8.2.0/../../../../riscv-none-embed/lib/rv32imafc/ilp32f\libg_nano.a(lib_a-findfp.o)
                0x000000000000d9a0                __sf_fake_stdout
 .rodata.__mprec_bigtens
                0x000000000000d9c0       0x28 c:/mounriver/mounriver_studio/toolchain/risc-v embedded gcc/bin/../lib/gcc/riscv-none-embed/8.2.0/../../../../riscv-none-embed/lib/rv32imafc/ilp32f\libg_nano.a(lib_a-mprec.o)
                0x000000000000d9c0                __mprec_bigtens
 .rodata.__mprec_tens
                0x000000000000d9e8       0xc8 c:/mounriver/mounriver_studio/toolchain/risc-v embedded gcc/bin/../lib/gcc/riscv-none-embed/8.2.0/../../../../riscv-none-embed/lib/rv32imafc/ilp32f\libg_nano.a(lib_a-mprec.o)
                0x000000000000d9e8                __mprec_tens
 .rodata.p05.3321
                0x000000000000dab0        0xc c:/mounriver/mounriver_studio/toolchain/risc-v embedded gcc/bin/../lib/gcc/riscv-none-embed/8.2.0/../../../../riscv-none-embed/lib/rv32imafc/ilp32f\libg_nano.a(lib_a-mprec.o)
 .rodata._svfprintf_r.str1.4
                0x000000000000dabc       0x13 c:/mounriver/mounriver_studio/toolchain/risc-v embedded gcc/bin/../lib/gcc/riscv-none-embed/8.2.0/../../../../riscv-none-embed/lib/rv32imafc/ilp32f\libg_nano.a(lib_a-nano-svfprintf.o)
 .rodata._vfprintf_r.str1.4
                0x000000000000dacf       0x13 c:/mounriver/mounriver_studio/toolchain/risc-v embedded gcc/bin/../lib/gcc/riscv-none-embed/8.2.0/../../../../riscv-none-embed/lib/rv32imafc/ilp32f\libg_nano.a(lib_a-nano-vfprintf.o)
 *fill*         0x000000000000dacf        0x1 
 .rodata._setlocale_r.str1.4
                0x000000000000dad0        0xa c:/mounriver/mounriver_studio/toolchain/risc-v embedded gcc/bin/../lib/gcc/riscv-none-embed/8.2.0/../../../../riscv-none-embed/lib/rv32imafc/ilp32f\libg_nano.a(lib_a-locale.o)
                                          0xd (size before relaxing)
 *fill*         0x000000000000dada        0x2 
 .rodata.str1.4
                0x000000000000dadc        0x4 c:/mounriver/mounriver_studio/toolchain/risc-v embedded gcc/bin/../lib/gcc/riscv-none-embed/8.2.0/../../../../riscv-none-embed/lib/rv32imafc/ilp32f\libg_nano.a(lib_a-locale.o)
                                          0x2 (size before relaxing)
 .rodata._ctype_
                0x000000000000dae0      0x101 c:/mounriver/mounriver_studio/toolchain/risc-v embedded gcc/bin/../lib/gcc/riscv-none-embed/8.2.0/../../../../riscv-none-embed/lib/rv32imafc/ilp32f\libg_nano.a(lib_a-ctype_.o)
                0x000000000000dae0                _ctype_
 *(.glue_7)
 *(.glue_7t)
 *(.gnu.linkonce.t.*)
                0x000000000000dbe4                . = ALIGN (0x4)
 *fill*         0x000000000000dbe1        0x3 

.rela.dyn       0x000000000000dbe4        0x0
 .rela.init     0x000000000000dbe4        0x0 ./zf_driver/zf_driver_delay.o
 .rela.vector   0x000000000000dbe4        0x0 ./zf_driver/zf_driver_delay.o
 .rela.text.handle_reset
                0x000000000000dbe4        0x0 ./zf_driver/zf_driver_delay.o
 .rela.text._sbrk_r
                0x000000000000dbe4        0x0 ./zf_driver/zf_driver_delay.o
 .rela.text._svfprintf_r
                0x000000000000dbe4        0x0 ./zf_driver/zf_driver_delay.o
 .rela.text._vfprintf_r
                0x000000000000dbe4        0x0 ./zf_driver/zf_driver_delay.o
 .rela.text._write_r
                0x000000000000dbe4        0x0 ./zf_driver/zf_driver_delay.o
 .rela.text._close_r
                0x000000000000dbe4        0x0 ./zf_driver/zf_driver_delay.o
 .rela.text._lseek_r
                0x000000000000dbe4        0x0 ./zf_driver/zf_driver_delay.o
 .rela.text._read_r
                0x000000000000dbe4        0x0 ./zf_driver/zf_driver_delay.o
 .rela.text._fstat_r
                0x000000000000dbe4        0x0 ./zf_driver/zf_driver_delay.o
 .rela.text._isatty_r
                0x000000000000dbe4        0x0 ./zf_driver/zf_driver_delay.o
 .rela.text._close
                0x000000000000dbe4        0x0 ./zf_driver/zf_driver_delay.o
 .rela.text._fstat
                0x000000000000dbe4        0x0 ./zf_driver/zf_driver_delay.o
 .rela.text._isatty
                0x000000000000dbe4        0x0 ./zf_driver/zf_driver_delay.o
 .rela.text._lseek
                0x000000000000dbe4        0x0 ./zf_driver/zf_driver_delay.o
 .rela.text._read
                0x000000000000dbe4        0x0 ./zf_driver/zf_driver_delay.o
 .rela.text._sbrk
                0x000000000000dbe4        0x0 ./zf_driver/zf_driver_delay.o

.fini           0x000000000000dbe4        0x0
 *(SORT_NONE(.fini))
                0x000000000000dbe4                . = ALIGN (0x4)
                [!provide]                        PROVIDE (_etext = .)
                [!provide]                        PROVIDE (_eitcm = .)

.preinit_array  0x000000000000dbe4        0x0
                [!provide]                        PROVIDE (__preinit_array_start = .)
 *(.preinit_array)
                [!provide]                        PROVIDE (__preinit_array_end = .)

.init_array     0x000000000000dbe4        0x0
                [!provide]                        PROVIDE (__init_array_start = .)
 *(SORT_BY_INIT_PRIORITY(.init_array.*) SORT_BY_INIT_PRIORITY(.ctors.*))
 *(.init_array EXCLUDE_FILE(*crtend?.o *crtend.o *crtbegin?.o *crtbegin.o) .ctors)
                [!provide]                        PROVIDE (__init_array_end = .)

.fini_array     0x000000000000dbe4        0x0
                [!provide]                        PROVIDE (__fini_array_start = .)
 *(SORT_BY_INIT_PRIORITY(.fini_array.*) SORT_BY_INIT_PRIORITY(.dtors.*))
 *(.fini_array EXCLUDE_FILE(*crtend?.o *crtend.o *crtbegin?.o *crtbegin.o) .dtors)
                [!provide]                        PROVIDE (__fini_array_end = .)

.ctors
 *crtbegin.o(.ctors)
 *crtbegin?.o(.ctors)
 *(EXCLUDE_FILE(*crtend?.o *crtend.o) .ctors)
 *(SORT_BY_NAME(.ctors.*))
 *(.ctors)

.dtors
 *crtbegin.o(.dtors)
 *crtbegin?.o(.dtors)
 *(EXCLUDE_FILE(*crtend?.o *crtend.o) .dtors)
 *(SORT_BY_NAME(.dtors.*))
 *(.dtors)

.dalign         0x0000000020000040        0x0 load address 0x000000000000dbe4
                0x0000000020000040                . = ALIGN (0x4)
                0x0000000020000040                PROVIDE (_data_vma = .)

.dlalign        0x000000000000dbe4        0x0
                0x000000000000dbe4                . = ALIGN (0x4)
                0x000000000000dbe4                PROVIDE (_data_lma = .)

.data           0x0000000020000040      0x280 load address 0x000000000000dbe4
 *(.gnu.linkonce.r.*)
 *(.data .data.*)
 .data.encoder_dir_pin
                0x0000000020000040        0xa ./zf_driver/zf_driver_encoder.o
 *fill*         0x000000002000004a        0x2 
 .data.gpio_group
                0x000000002000004c       0x14 ./zf_driver/zf_driver_gpio.o
                0x000000002000004c                gpio_group
 .data.APBAHBPrescTable
                0x0000000020000060       0x10 ./sdk/Peripheral/ch32v30x_rcc.o
 .data.TAB_USB_FS_OSC_DESC
                0x0000000020000070       0x43 ./sdk/Peripheral/ch32v30x_usbotg_device.o
                0x0000000020000070                TAB_USB_FS_OSC_DESC
 *fill*         0x00000000200000b3        0x1 
 .data.impure_data
                0x00000000200000b4       0x60 c:/mounriver/mounriver_studio/toolchain/risc-v embedded gcc/bin/../lib/gcc/riscv-none-embed/8.2.0/../../../../riscv-none-embed/lib/rv32imafc/ilp32f\libg_nano.a(lib_a-impure.o)
 .data.__global_locale
                0x0000000020000114      0x16c c:/mounriver/mounriver_studio/toolchain/risc-v embedded gcc/bin/../lib/gcc/riscv-none-embed/8.2.0/../../../../riscv-none-embed/lib/rv32imafc/ilp32f\libg_nano.a(lib_a-locale.o)
                0x0000000020000114                __global_locale
 *(.gnu.linkonce.d.*)
                0x0000000020000280                . = ALIGN (0x8)
                0x0000000020000a80                PROVIDE (__global_pointer$ = (. + 0x800))
 *(.sdata .sdata.*)
 .sdata.dm1xa_distance_mm
                0x0000000020000280        0x2 ./zf_device/zf_device_dm1xa.o
 *fill*         0x0000000020000282        0x2 
 .sdata.camera_uart_handler
                0x0000000020000284        0x4 ./zf_device/zf_device_type.o
                0x0000000020000284                camera_uart_handler
 .sdata.camera_dvp_handler
                0x0000000020000288        0x4 ./zf_device/zf_device_type.o
                0x0000000020000288                camera_dvp_handler
 .sdata.wireless_module_uart_handler
                0x000000002000028c        0x4 ./zf_device/zf_device_type.o
                0x000000002000028c                wireless_module_uart_handler
 .sdata.tof_module_exti_handler
                0x0000000020000290        0x4 ./zf_device/zf_device_type.o
                0x0000000020000290                tof_module_exti_handler
 .sdata.system_clock
                0x0000000020000294        0x4 ./zf_common/zf_common_clock.o
                0x0000000020000294                system_clock
 .sdata.zf_debug_assert_enable
                0x0000000020000298        0x1 ./zf_common/zf_common_debug.o
 *fill*         0x0000000020000299        0x3 
 .sdata.ADCPrescTable
                0x000000002000029c        0x4 ./sdk/Peripheral/ch32v30x_rcc.o
 .sdata.USBHD_Dev_Speed
                0x00000000200002a0        0x1 ./sdk/Peripheral/ch32v30x_usbotg_device.o
                0x00000000200002a0                USBHD_Dev_Speed
 *fill*         0x00000000200002a1        0x3 
 .sdata.LineCoding
                0x00000000200002a4        0x7 ./sdk/Peripheral/ch32v30x_usbotg_device.o
                0x00000000200002a4                LineCoding
 *fill*         0x00000000200002ab        0x1 
 .sdata._impure_ptr
                0x00000000200002ac        0x4 c:/mounriver/mounriver_studio/toolchain/risc-v embedded gcc/bin/../lib/gcc/riscv-none-embed/8.2.0/../../../../riscv-none-embed/lib/rv32imafc/ilp32f\libg_nano.a(lib_a-impure.o)
                0x00000000200002ac                _impure_ptr
 *(.sdata2.*)
 .sdata2.uart_irq
                0x00000000200002b0        0x8 ./zf_driver/zf_driver_uart.o
                0x00000000200002b0                uart_irq
 .sdata2.MyLangDescrHD
                0x00000000200002b8        0x4 ./sdk/Peripheral/ch32v30x_usbotg_device.o
                0x00000000200002b8                MyLangDescrHD
 .sdata2._global_impure_ptr
                0x00000000200002bc        0x4 c:/mounriver/mounriver_studio/toolchain/risc-v embedded gcc/bin/../lib/gcc/riscv-none-embed/8.2.0/../../../../riscv-none-embed/lib/rv32imafc/ilp32f\libg_nano.a(lib_a-impure.o)
                0x00000000200002bc                _global_impure_ptr
 *(.gnu.linkonce.s.*)
                0x00000000200002c0                . = ALIGN (0x8)
 *(.srodata.cst16)
 *(.srodata.cst8)
 *(.srodata.cst4)
 *(.srodata.cst2)
 *(.srodata .srodata.*)
                0x00000000200002c0                . = ALIGN (0x4)
                0x00000000200002c0                PROVIDE (_edata = .)

.bss            0x00000000200002c0      0x2b4 load address 0x000000000000de64
                0x00000000200002c0                . = ALIGN (0x4)
                0x00000000200002c0                PROVIDE (_sbss = .)
 *(.sbss*)
 .sbss.dm1xa_plus_count
                0x00000000200002c0        0x4 ./zf_device/zf_device_dm1xa.o
 .sbss.dm1xa_type
                0x00000000200002c4        0x4 ./zf_device/zf_device_dm1xa.o
 .sbss.dm1xa_ranging_state
                0x00000000200002c8        0x4 ./zf_device/zf_device_dm1xa.o
 .sbss.gnss_flag
                0x00000000200002cc        0x1 ./zf_device/zf_device_gnss.o
                0x00000000200002cc                gnss_flag
 .sbss.gnss_state
                0x00000000200002cd        0x1 ./zf_device/zf_device_gnss.o
 *fill*         0x00000000200002ce        0x2 
 .sbss.gnss_gga_state
                0x00000000200002d0        0x4 ./zf_device/zf_device_gnss.o
 .sbss.gnss_rmc_state
                0x00000000200002d4        0x4 ./zf_device/zf_device_gnss.o
 .sbss.gnss_ths_state
                0x00000000200002d8        0x4 ./zf_device/zf_device_gnss.o
 .sbss.zf_debug_init_flag
                0x00000000200002dc        0x1 ./zf_common/zf_common_debug.o
 .sbss.assert_nest_index.5042
                0x00000000200002dd        0x1 ./zf_common/zf_common_debug.o
 *fill*         0x00000000200002de        0x2 
 .sbss.interrupt_nest_count
                0x00000000200002e0        0x4 ./zf_common/zf_common_interrupt.o
 .sbss.encoder_data_quaddec
                0x00000000200002e4        0x2 ./user_c/main.o
                0x00000000200002e4                encoder_data_quaddec
 .sbss.encoder_data_dir
                0x00000000200002e6        0x2 ./user_c/main.o
                0x00000000200002e6                encoder_data_dir
 .sbss.EP0_DatabufHD
                0x00000000200002e8        0x8 ./sdk/Peripheral/ch32v30x_usbotg_device.o
                0x00000000200002e8                EP0_DatabufHD
 .sbss.pEP0_RAM_Addr
                0x00000000200002f0        0x4 ./sdk/Peripheral/ch32v30x_usbotg_device.o
                0x00000000200002f0                pEP0_RAM_Addr
 .sbss.pEP1_RAM_Addr
                0x00000000200002f4        0x4 ./sdk/Peripheral/ch32v30x_usbotg_device.o
                0x00000000200002f4                pEP1_RAM_Addr
 .sbss.pEP2_RAM_Addr
                0x00000000200002f8        0x4 ./sdk/Peripheral/ch32v30x_usbotg_device.o
                0x00000000200002f8                pEP2_RAM_Addr
 .sbss.pDescr   0x00000000200002fc        0x4 ./sdk/Peripheral/ch32v30x_usbotg_device.o
                0x00000000200002fc                pDescr
 .sbss.USBHD_Dev_SetupReqLen
                0x0000000020000300        0x2 ./sdk/Peripheral/ch32v30x_usbotg_device.o
                0x0000000020000300                USBHD_Dev_SetupReqLen
 .sbss.USBHD_Dev_SleepStatus
                0x0000000020000302        0x1 ./sdk/Peripheral/ch32v30x_usbotg_device.o
                0x0000000020000302                USBHD_Dev_SleepStatus
 .sbss.DevConfig
                0x0000000020000303        0x1 ./sdk/Peripheral/ch32v30x_usbotg_device.o
                0x0000000020000303                DevConfig
 .sbss.SetupReqCode
                0x0000000020000304        0x1 ./sdk/Peripheral/ch32v30x_usbotg_device.o
                0x0000000020000304                SetupReqCode
 *fill*         0x0000000020000305        0x1 
 .sbss.SetupReqLen
                0x0000000020000306        0x2 ./sdk/Peripheral/ch32v30x_usbotg_device.o
                0x0000000020000306                SetupReqLen
 .sbss.__malloc_free_list
                0x0000000020000308        0x4 c:/mounriver/mounriver_studio/toolchain/risc-v embedded gcc/bin/../lib/gcc/riscv-none-embed/8.2.0/../../../../riscv-none-embed/lib/rv32imafc/ilp32f\libg_nano.a(lib_a-nano-mallocr.o)
                0x0000000020000308                __malloc_free_list
 .sbss.__malloc_sbrk_start
                0x000000002000030c        0x4 c:/mounriver/mounriver_studio/toolchain/risc-v embedded gcc/bin/../lib/gcc/riscv-none-embed/8.2.0/../../../../riscv-none-embed/lib/rv32imafc/ilp32f\libg_nano.a(lib_a-nano-mallocr.o)
                0x000000002000030c                __malloc_sbrk_start
 .sbss.heap_end.1520
                0x0000000020000310        0x4 c:/mounriver/mounriver_studio/toolchain/risc-v embedded gcc/bin/../lib/gcc/riscv-none-embed/8.2.0/../../../../riscv-none-embed/lib/rv32imafc/ilp32f\libnosys.a(sbrk.o)
 *(.gnu.linkonce.sb.*)
 *(.bss*)
 .bss.timer_function_state
                0x0000000020000314       0x28 ./zf_driver/zf_driver_timer.o
 .bss.timer_mode_state
                0x000000002000033c       0x28 ./zf_driver/zf_driver_timer.o
 .bss.gnss_receiver_fifo
                0x0000000020000364       0x19 ./zf_device/zf_device_gnss.o
 *fill*         0x000000002000037d        0x3 
 .bss.gps_gga_buffer
                0x0000000020000380       0x80 ./zf_device/zf_device_gnss.o
 .bss.gps_rmc_buffer
                0x0000000020000400       0x80 ./zf_device/zf_device_gnss.o
 .bss.gps_ths_buffer
                0x0000000020000480       0x80 ./zf_device/zf_device_gnss.o
 .bss.debug_uart_buffer
                0x0000000020000500       0x40 ./zf_common/zf_common_debug.o
                0x0000000020000500                debug_uart_buffer
 .bss.debug_uart_fifo
                0x0000000020000540       0x19 ./zf_common/zf_common_debug.o
                0x0000000020000540                debug_uart_fifo
 *fill*         0x0000000020000559        0x3 
 .bss.debug_output_info
                0x000000002000055c       0x14 ./zf_common/zf_common_debug.o
 *(.gnu.linkonce.b.*)
 *(COMMON*)
 COMMON         0x0000000020000570        0x4 c:/mounriver/mounriver_studio/toolchain/risc-v embedded gcc/bin/../lib/gcc/riscv-none-embed/8.2.0/../../../../riscv-none-embed/lib/rv32imafc/ilp32f\libg_nano.a(lib_a-reent.o)
                0x0000000020000570                errno
                0x0000000020000574                . = ALIGN (0x4)
                0x0000000020000574                PROVIDE (_ebss = .)
                [!provide]                        PROVIDE (_end = _ebss)
                0x0000000020000574                PROVIDE (end = .)

.stack          0x000000002000f440      0x800
                [!provide]                        PROVIDE (_heap_end = .)
                0x000000002000f440                . = ALIGN (0x4)
                [!provide]                        PROVIDE (_susrstack = .)
                0x000000002000fc40                . = (. + __stack_size)
 *fill*         0x000000002000f440      0x800 
                0x000000002000fc40                PROVIDE (_eusrstack = .)
OUTPUT(E07_encoder_demo.elf elf32-littleriscv)

.debug_info     0x0000000000000000    0x1590c
 .debug_info    0x0000000000000000      0xa28 ./zf_driver/zf_driver_delay.o
 .debug_info    0x0000000000000a28     0x129c ./zf_driver/zf_driver_encoder.o
 .debug_info    0x0000000000001cc4      0xefa ./zf_driver/zf_driver_gpio.o
 .debug_info    0x0000000000002bbe     0x10a9 ./zf_driver/zf_driver_pit.o
 .debug_info    0x0000000000003c67      0xfb7 ./zf_driver/zf_driver_timer.o
 .debug_info    0x0000000000004c1e     0x1460 ./zf_driver/zf_driver_uart.o
 .debug_info    0x000000000000607e      0xe37 ./zf_device/zf_device_dm1xa.o
 .debug_info    0x0000000000006eb5     0x1846 ./zf_device/zf_device_gnss.o
 .debug_info    0x00000000000086fb      0xb54 ./zf_device/zf_device_type.o
 .debug_info    0x000000000000924f      0xb2d ./zf_common/zf_common_clock.o
 .debug_info    0x0000000000009d7c     0x1497 ./zf_common/zf_common_debug.o
 .debug_info    0x000000000000b213      0xdf1 ./zf_common/zf_common_fifo.o
 .debug_info    0x000000000000c004      0xf79 ./zf_common/zf_common_interrupt.o
 .debug_info    0x000000000000cf7d     0x1b94 ./user_c/isr.o
 .debug_info    0x000000000000eb11     0x1b33 ./user_c/main.o
 .debug_info    0x0000000000010644       0x22 ./sdk/Startup/startup_ch32v30x_D8C.o
 .debug_info    0x0000000000010666      0x353 ./sdk/Peripheral/ch32v30x_exti.o
 .debug_info    0x00000000000109b9      0x712 ./sdk/Peripheral/ch32v30x_gpio.o
 .debug_info    0x00000000000110cb      0xc64 ./sdk/Peripheral/ch32v30x_rcc.o
 .debug_info    0x0000000000011d2f     0x1dd2 ./sdk/Peripheral/ch32v30x_tim.o
 .debug_info    0x0000000000013b01      0xa45 ./sdk/Peripheral/ch32v30x_usart.o
 .debug_info    0x0000000000014546     0x13c6 ./sdk/Peripheral/ch32v30x_usbotg_device.o

.debug_abbrev   0x0000000000000000     0x322b
 .debug_abbrev  0x0000000000000000      0x212 ./zf_driver/zf_driver_delay.o
 .debug_abbrev  0x0000000000000212      0x27a ./zf_driver/zf_driver_encoder.o
 .debug_abbrev  0x000000000000048c      0x2ad ./zf_driver/zf_driver_gpio.o
 .debug_abbrev  0x0000000000000739      0x256 ./zf_driver/zf_driver_pit.o
 .debug_abbrev  0x000000000000098f      0x28e ./zf_driver/zf_driver_timer.o
 .debug_abbrev  0x0000000000000c1d      0x2be ./zf_driver/zf_driver_uart.o
 .debug_abbrev  0x0000000000000edb      0x28b ./zf_device/zf_device_dm1xa.o
 .debug_abbrev  0x0000000000001166      0x353 ./zf_device/zf_device_gnss.o
 .debug_abbrev  0x00000000000014b9      0x225 ./zf_device/zf_device_type.o
 .debug_abbrev  0x00000000000016de      0x251 ./zf_common/zf_common_clock.o
 .debug_abbrev  0x000000000000192f      0x394 ./zf_common/zf_common_debug.o
 .debug_abbrev  0x0000000000001cc3      0x2a5 ./zf_common/zf_common_fifo.o
 .debug_abbrev  0x0000000000001f68      0x2c1 ./zf_common/zf_common_interrupt.o
 .debug_abbrev  0x0000000000002229      0x286 ./user_c/isr.o
 .debug_abbrev  0x00000000000024af      0x270 ./user_c/main.o
 .debug_abbrev  0x000000000000271f       0x12 ./sdk/Startup/startup_ch32v30x_D8C.o
 .debug_abbrev  0x0000000000002731      0x144 ./sdk/Peripheral/ch32v30x_exti.o
 .debug_abbrev  0x0000000000002875      0x1c7 ./sdk/Peripheral/ch32v30x_gpio.o
 .debug_abbrev  0x0000000000002a3c      0x1ef ./sdk/Peripheral/ch32v30x_rcc.o
 .debug_abbrev  0x0000000000002c2b      0x1c9 ./sdk/Peripheral/ch32v30x_tim.o
 .debug_abbrev  0x0000000000002df4      0x19e ./sdk/Peripheral/ch32v30x_usart.o
 .debug_abbrev  0x0000000000002f92      0x299 ./sdk/Peripheral/ch32v30x_usbotg_device.o

.debug_aranges  0x0000000000000000      0xc48
 .debug_aranges
                0x0000000000000000       0x28 ./zf_driver/zf_driver_delay.o
 .debug_aranges
                0x0000000000000028       0x38 ./zf_driver/zf_driver_encoder.o
 .debug_aranges
                0x0000000000000060       0x40 ./zf_driver/zf_driver_gpio.o
 .debug_aranges
                0x00000000000000a0       0x30 ./zf_driver/zf_driver_pit.o
 .debug_aranges
                0x00000000000000d0       0x50 ./zf_driver/zf_driver_timer.o
 .debug_aranges
                0x0000000000000120       0x58 ./zf_driver/zf_driver_uart.o
 .debug_aranges
                0x0000000000000178       0x40 ./zf_device/zf_device_dm1xa.o
 .debug_aranges
                0x00000000000001b8       0x80 ./zf_device/zf_device_gnss.o
 .debug_aranges
                0x0000000000000238       0x38 ./zf_device/zf_device_type.o
 .debug_aranges
                0x0000000000000270       0x30 ./zf_common/zf_common_clock.o
 .debug_aranges
                0x00000000000002a0       0x98 ./zf_common/zf_common_debug.o
 .debug_aranges
                0x0000000000000338       0x68 ./zf_common/zf_common_fifo.o
 .debug_aranges
                0x00000000000003a0       0x70 ./zf_common/zf_common_interrupt.o
 .debug_aranges
                0x0000000000000410       0xf8 ./user_c/isr.o
 .debug_aranges
                0x0000000000000508       0x28 ./user_c/main.o
 .debug_aranges
                0x0000000000000530       0x30 ./sdk/Startup/startup_ch32v30x_D8C.o
 .debug_aranges
                0x0000000000000560       0x58 ./sdk/Peripheral/ch32v30x_exti.o
 .debug_aranges
                0x00000000000005b8       0xa8 ./sdk/Peripheral/ch32v30x_gpio.o
 .debug_aranges
                0x0000000000000660      0x1a8 ./sdk/Peripheral/ch32v30x_rcc.o
 .debug_aranges
                0x0000000000000808      0x2f0 ./sdk/Peripheral/ch32v30x_tim.o
 .debug_aranges
                0x0000000000000af8      0x100 ./sdk/Peripheral/ch32v30x_usart.o
 .debug_aranges
                0x0000000000000bf8       0x50 ./sdk/Peripheral/ch32v30x_usbotg_device.o

.debug_ranges   0x0000000000000000      0xaf0
 .debug_ranges  0x0000000000000000       0x18 ./zf_driver/zf_driver_delay.o
 .debug_ranges  0x0000000000000018       0x28 ./zf_driver/zf_driver_encoder.o
 .debug_ranges  0x0000000000000040       0x30 ./zf_driver/zf_driver_gpio.o
 .debug_ranges  0x0000000000000070       0x20 ./zf_driver/zf_driver_pit.o
 .debug_ranges  0x0000000000000090       0x40 ./zf_driver/zf_driver_timer.o
 .debug_ranges  0x00000000000000d0       0x48 ./zf_driver/zf_driver_uart.o
 .debug_ranges  0x0000000000000118       0x30 ./zf_device/zf_device_dm1xa.o
 .debug_ranges  0x0000000000000148       0x70 ./zf_device/zf_device_gnss.o
 .debug_ranges  0x00000000000001b8       0x28 ./zf_device/zf_device_type.o
 .debug_ranges  0x00000000000001e0       0x20 ./zf_common/zf_common_clock.o
 .debug_ranges  0x0000000000000200       0x88 ./zf_common/zf_common_debug.o
 .debug_ranges  0x0000000000000288       0x58 ./zf_common/zf_common_fifo.o
 .debug_ranges  0x00000000000002e0       0x60 ./zf_common/zf_common_interrupt.o
 .debug_ranges  0x0000000000000340       0xe8 ./user_c/isr.o
 .debug_ranges  0x0000000000000428       0x18 ./user_c/main.o
 .debug_ranges  0x0000000000000440       0x28 ./sdk/Startup/startup_ch32v30x_D8C.o
 .debug_ranges  0x0000000000000468       0x48 ./sdk/Peripheral/ch32v30x_exti.o
 .debug_ranges  0x00000000000004b0       0x98 ./sdk/Peripheral/ch32v30x_gpio.o
 .debug_ranges  0x0000000000000548      0x198 ./sdk/Peripheral/ch32v30x_rcc.o
 .debug_ranges  0x00000000000006e0      0x2e0 ./sdk/Peripheral/ch32v30x_tim.o
 .debug_ranges  0x00000000000009c0       0xf0 ./sdk/Peripheral/ch32v30x_usart.o
 .debug_ranges  0x0000000000000ab0       0x40 ./sdk/Peripheral/ch32v30x_usbotg_device.o

.debug_line     0x0000000000000000     0xf7db
 .debug_line    0x0000000000000000      0x49c ./zf_driver/zf_driver_delay.o
 .debug_line    0x000000000000049c      0xb19 ./zf_driver/zf_driver_encoder.o
 .debug_line    0x0000000000000fb5      0x6fb ./zf_driver/zf_driver_gpio.o
 .debug_line    0x00000000000016b0      0x610 ./zf_driver/zf_driver_pit.o
 .debug_line    0x0000000000001cc0      0xacc ./zf_driver/zf_driver_timer.o
 .debug_line    0x000000000000278c      0xa90 ./zf_driver/zf_driver_uart.o
 .debug_line    0x000000000000321c      0x74a ./zf_device/zf_device_dm1xa.o
 .debug_line    0x0000000000003966     0x1389 ./zf_device/zf_device_gnss.o
 .debug_line    0x0000000000004cef      0x332 ./zf_device/zf_device_type.o
 .debug_line    0x0000000000005021      0x5d2 ./zf_common/zf_common_clock.o
 .debug_line    0x00000000000055f3      0xde9 ./zf_common/zf_common_debug.o
 .debug_line    0x00000000000063dc      0xfab ./zf_common/zf_common_fifo.o
 .debug_line    0x0000000000007387      0x588 ./zf_common/zf_common_interrupt.o
 .debug_line    0x000000000000790f      0xda6 ./user_c/isr.o
 .debug_line    0x00000000000086b5      0x78a ./user_c/main.o
 .debug_line    0x0000000000008e3f      0x3b1 ./sdk/Startup/startup_ch32v30x_D8C.o
 .debug_line    0x00000000000091f0      0x57c ./sdk/Peripheral/ch32v30x_exti.o
 .debug_line    0x000000000000976c      0xa9d ./sdk/Peripheral/ch32v30x_gpio.o
 .debug_line    0x000000000000a209     0x12ac ./sdk/Peripheral/ch32v30x_rcc.o
 .debug_line    0x000000000000b4b5     0x2248 ./sdk/Peripheral/ch32v30x_tim.o
 .debug_line    0x000000000000d6fd      0xcd1 ./sdk/Peripheral/ch32v30x_usart.o
 .debug_line    0x000000000000e3ce     0x140d ./sdk/Peripheral/ch32v30x_usbotg_device.o

.debug_str      0x0000000000000000     0x5c1b
 .debug_str     0x0000000000000000      0x60a ./zf_driver/zf_driver_delay.o
                                        0x694 (size before relaxing)
 .debug_str     0x000000000000060a      0x8af ./zf_driver/zf_driver_encoder.o
                                        0xeb1 (size before relaxing)
 .debug_str     0x0000000000000eb9      0x232 ./zf_driver/zf_driver_gpio.o
                                        0x8f5 (size before relaxing)
 .debug_str     0x00000000000010eb      0x66a ./zf_driver/zf_driver_pit.o
                                        0xf2f (size before relaxing)
 .debug_str     0x0000000000001755      0x158 ./zf_driver/zf_driver_timer.o
                                        0xa69 (size before relaxing)
 .debug_str     0x00000000000018ad      0x593 ./zf_driver/zf_driver_uart.o
                                       0x11d9 (size before relaxing)
 .debug_str     0x0000000000001e40      0x273 ./zf_device/zf_device_dm1xa.o
                                        0x97a (size before relaxing)
 .debug_str     0x00000000000020b3      0x5a6 ./zf_device/zf_device_gnss.o
                                        0xfdb (size before relaxing)
 .debug_str     0x0000000000002659      0x231 ./zf_device/zf_device_type.o
                                        0x80c (size before relaxing)
 .debug_str     0x000000000000288a      0x19a ./zf_common/zf_common_clock.o
                                        0x791 (size before relaxing)
 .debug_str     0x0000000000002a24      0x2f4 ./zf_common/zf_common_debug.o
                                        0xdd8 (size before relaxing)
 .debug_str     0x0000000000002d18      0x215 ./zf_common/zf_common_fifo.o
                                        0x896 (size before relaxing)
 .debug_str     0x0000000000002f2d      0x1be ./zf_common/zf_common_interrupt.o
                                        0xd38 (size before relaxing)
 .debug_str     0x00000000000030eb      0xab7 ./user_c/isr.o
                                       0x155f (size before relaxing)
 .debug_str     0x0000000000003ba2       0xa2 ./user_c/main.o
                                       0x1ba9 (size before relaxing)
 .debug_str     0x0000000000003c44       0x8f ./sdk/Startup/startup_ch32v30x_D8C.o
                                         0xfe (size before relaxing)
 .debug_str     0x0000000000003cd3      0x232 ./sdk/Peripheral/ch32v30x_exti.o
                                        0x426 (size before relaxing)
 .debug_str     0x0000000000003f05      0x288 ./sdk/Peripheral/ch32v30x_gpio.o
                                        0x5f3 (size before relaxing)
 .debug_str     0x000000000000418d      0x677 ./sdk/Peripheral/ch32v30x_rcc.o
                                        0x95a (size before relaxing)
 .debug_str     0x0000000000004804      0xa9c ./sdk/Peripheral/ch32v30x_tim.o
                                        0xee6 (size before relaxing)
 .debug_str     0x00000000000052a0      0x3e6 ./sdk/Peripheral/ch32v30x_usart.o
                                        0x770 (size before relaxing)
 .debug_str     0x0000000000005686      0x595 ./sdk/Peripheral/ch32v30x_usbotg_device.o
                                        0xcee (size before relaxing)

.comment        0x0000000000000000       0x33
 .comment       0x0000000000000000       0x33 ./zf_driver/zf_driver_delay.o
                                         0x34 (size before relaxing)
 .comment       0x0000000000000033       0x34 ./zf_driver/zf_driver_encoder.o
 .comment       0x0000000000000033       0x34 ./zf_driver/zf_driver_gpio.o
 .comment       0x0000000000000033       0x34 ./zf_driver/zf_driver_pit.o
 .comment       0x0000000000000033       0x34 ./zf_driver/zf_driver_timer.o
 .comment       0x0000000000000033       0x34 ./zf_driver/zf_driver_uart.o
 .comment       0x0000000000000033       0x34 ./zf_device/zf_device_dm1xa.o
 .comment       0x0000000000000033       0x34 ./zf_device/zf_device_gnss.o
 .comment       0x0000000000000033       0x34 ./zf_device/zf_device_type.o
 .comment       0x0000000000000033       0x34 ./zf_common/zf_common_clock.o
 .comment       0x0000000000000033       0x34 ./zf_common/zf_common_debug.o
 .comment       0x0000000000000033       0x34 ./zf_common/zf_common_fifo.o
 .comment       0x0000000000000033       0x34 ./zf_common/zf_common_interrupt.o
 .comment       0x0000000000000033       0x34 ./user_c/isr.o
 .comment       0x0000000000000033       0x34 ./user_c/main.o
 .comment       0x0000000000000033       0x34 ./sdk/Peripheral/ch32v30x_exti.o
 .comment       0x0000000000000033       0x34 ./sdk/Peripheral/ch32v30x_gpio.o
 .comment       0x0000000000000033       0x34 ./sdk/Peripheral/ch32v30x_rcc.o
 .comment       0x0000000000000033       0x34 ./sdk/Peripheral/ch32v30x_tim.o
 .comment       0x0000000000000033       0x34 ./sdk/Peripheral/ch32v30x_usart.o
 .comment       0x0000000000000033       0x34 ./sdk/Peripheral/ch32v30x_usbotg_device.o

.debug_frame    0x0000000000000000     0x4f08
 .debug_frame   0x0000000000000000       0x50 ./zf_driver/zf_driver_delay.o
 .debug_frame   0x0000000000000050       0xa8 ./zf_driver/zf_driver_encoder.o
 .debug_frame   0x00000000000000f8       0xbc ./zf_driver/zf_driver_gpio.o
 .debug_frame   0x00000000000001b4       0x80 ./zf_driver/zf_driver_pit.o
 .debug_frame   0x0000000000000234      0x104 ./zf_driver/zf_driver_timer.o
 .debug_frame   0x0000000000000338      0x128 ./zf_driver/zf_driver_uart.o
 .debug_frame   0x0000000000000460       0xc8 ./zf_device/zf_device_dm1xa.o
 .debug_frame   0x0000000000000528      0x228 ./zf_device/zf_device_gnss.o
 .debug_frame   0x0000000000000750       0x90 ./zf_device/zf_device_type.o
 .debug_frame   0x00000000000007e0       0x7c ./zf_common/zf_common_clock.o
 .debug_frame   0x000000000000085c      0x240 ./zf_common/zf_common_debug.o
 .debug_frame   0x0000000000000a9c      0x194 ./zf_common/zf_common_fifo.o
 .debug_frame   0x0000000000000c30      0x188 ./zf_common/zf_common_interrupt.o
 .debug_frame   0x0000000000000db8     0x1294 ./user_c/isr.o
 .debug_frame   0x000000000000204c       0x50 ./user_c/main.o
 .debug_frame   0x000000000000209c      0x114 ./sdk/Peripheral/ch32v30x_exti.o
 .debug_frame   0x00000000000021b0      0x260 ./sdk/Peripheral/ch32v30x_gpio.o
 .debug_frame   0x0000000000002410      0x658 ./sdk/Peripheral/ch32v30x_rcc.o
 .debug_frame   0x0000000000002a68      0xbbc ./sdk/Peripheral/ch32v30x_tim.o
 .debug_frame   0x0000000000003624      0x3c0 ./sdk/Peripheral/ch32v30x_usart.o
 .debug_frame   0x00000000000039e4      0x190 ./sdk/Peripheral/ch32v30x_usbotg_device.o
 .debug_frame   0x0000000000003b74       0x44 c:/mounriver/mounriver_studio/toolchain/risc-v embedded gcc/bin/../lib/gcc/riscv-none-embed/8.2.0/rv32imafc/ilp32f\libgcc.a(adddf3.o)
 .debug_frame   0x0000000000003bb8       0x58 c:/mounriver/mounriver_studio/toolchain/risc-v embedded gcc/bin/../lib/gcc/riscv-none-embed/8.2.0/rv32imafc/ilp32f\libgcc.a(divdf3.o)
 .debug_frame   0x0000000000003c10       0x20 c:/mounriver/mounriver_studio/toolchain/risc-v embedded gcc/bin/../lib/gcc/riscv-none-embed/8.2.0/rv32imafc/ilp32f\libgcc.a(eqdf2.o)
 .debug_frame   0x0000000000003c30       0x20 c:/mounriver/mounriver_studio/toolchain/risc-v embedded gcc/bin/../lib/gcc/riscv-none-embed/8.2.0/rv32imafc/ilp32f\libgcc.a(gedf2.o)
 .debug_frame   0x0000000000003c50       0x20 c:/mounriver/mounriver_studio/toolchain/risc-v embedded gcc/bin/../lib/gcc/riscv-none-embed/8.2.0/rv32imafc/ilp32f\libgcc.a(ledf2.o)
 .debug_frame   0x0000000000003c70       0x58 c:/mounriver/mounriver_studio/toolchain/risc-v embedded gcc/bin/../lib/gcc/riscv-none-embed/8.2.0/rv32imafc/ilp32f\libgcc.a(muldf3.o)
 .debug_frame   0x0000000000003cc8       0x44 c:/mounriver/mounriver_studio/toolchain/risc-v embedded gcc/bin/../lib/gcc/riscv-none-embed/8.2.0/rv32imafc/ilp32f\libgcc.a(subdf3.o)
 .debug_frame   0x0000000000003d0c       0x20 c:/mounriver/mounriver_studio/toolchain/risc-v embedded gcc/bin/../lib/gcc/riscv-none-embed/8.2.0/rv32imafc/ilp32f\libgcc.a(unorddf2.o)
 .debug_frame   0x0000000000003d2c       0x20 c:/mounriver/mounriver_studio/toolchain/risc-v embedded gcc/bin/../lib/gcc/riscv-none-embed/8.2.0/rv32imafc/ilp32f\libgcc.a(fixdfsi.o)
 .debug_frame   0x0000000000003d4c       0x20 c:/mounriver/mounriver_studio/toolchain/risc-v embedded gcc/bin/../lib/gcc/riscv-none-embed/8.2.0/rv32imafc/ilp32f\libgcc.a(fixunsdfsi.o)